Transform>>b1>>sar1>>SUCCESS>>1723035128267
BIP9332I<<Application 'Transform' has been created successfully. <<1723035128267
BIP9326I<<The source 'Transformproject.generated.bar' has been successfully deployed. <<1723035128267
Transform>>b1>>sar1>>SUCCESS>>1723035204620
BIP9332I<<Application 'Transform' has been changed successfully. <<1723035204620
BIP9326I<<The source 'Transformproject.generated.bar' has been successfully deployed. <<1723035204620
Transform>>b1>>sar1>>SUCCESS>>1723035323264
BIP9332I<<Application 'Transform' has been changed successfully. <<1723035323264
BIP9326I<<The source 'Transformproject.generated.bar' has been successfully deployed. <<1723035323264
Transform>>b1>>sar1>>SUCCESS>>1723035406088
BIP9332I<<Application 'Transform' has been changed successfully. <<1723035406088
BIP9326I<<The source 'Transformproject.generated.bar' has been successfully deployed. <<1723035406088
Transform>>b1>>sar1>>SUCCESS>>1723035674396
BIP9332I<<Application 'Transform' has been changed successfully. <<1723035674396
BIP9326I<<The source 'Transformproject.generated.bar' has been successfully deployed. <<1723035674396
Transform>>b1>>sar1>>SUCCESS>>1723035912082
BIP9332I<<Application 'Transform' has been changed successfully. <<1723035912082
BIP9326I<<The source 'Transformproject.generated.bar' has been successfully deployed. <<1723035912082
Transform>>b1>>sar1>>SUCCESS>>1723035976442
BIP9332I<<Application 'Transform' has been changed successfully. <<1723035976442
BIP9326I<<The source 'Transformproject.generated.bar' has been successfully deployed. <<1723035976442
new1>>b2>>sar2>>SUCCESS>>1723036482521
BIP9332I<<Application 'new1' has been created successfully. <<1723036482521
BIP9326I<<The source 'new1project.generated.bar' has been successfully deployed. <<1723036482521
new1>>b2>>sar2>>SUCCESS>>1723036833572
BIP9332I<<Application 'new1' has been changed successfully. <<1723036833572
BIP9326I<<The source 'new1project.generated.bar' has been successfully deployed. <<1723036833572
new1>>b2>>sar2>>SUCCESS>>1723094473479
BIP9332I<<Application 'new1' has been changed successfully. <<1723094473479
BIP9326I<<The source 'new1project.generated.bar' has been successfully deployed. <<1723094473479
new1>>b2>>sar2>>SUCCESS>>1723094829650
BIP9332I<<Application 'new1' has been changed successfully. <<1723094829650
BIP9326I<<The source 'new1project.generated.bar' has been successfully deployed. <<1723094829650
new1>>b2>>sar2>>SUCCESS>>1723115681764
BIP9332I<<Application 'new1' has been changed successfully. <<1723115681764
BIP9326I<<The source 'new1project.generated.bar' has been successfully deployed. <<1723115681764
new1>>b2>>sar2>>SUCCESS>>1723125949623
BIP9332I<<Application 'new1' has been changed successfully. <<1723125949623
BIP9326I<<The source 'new1project.generated.bar' has been successfully deployed. <<1723125949623
new1>>b2>>sar2>>SUCCESS>>1723184465791
BIP9332I<<Application 'new1' has been changed successfully. <<1723184465791
BIP9326I<<The source 'new1project.generated.bar' has been successfully deployed. <<1723184465791
new1>>b2>>sar2>>SUCCESS>>1723185341126
BIP9332I<<Application 'new1' has been changed successfully. <<1723185341126
BIP9326I<<The source 'new1project.generated.bar' has been successfully deployed. <<1723185341126
new1>>b2>>sar2>>SUCCESS>>1723185446749
BIP9332I<<Application 'new1' has been changed successfully. <<1723185446749
BIP9326I<<The source 'new1project.generated.bar' has been successfully deployed. <<1723185446749
new1>>b2>>sar2>>SUCCESS>>1723185645497
BIP9332I<<Application 'new1' has been changed successfully. <<1723185645497
BIP9326I<<The source 'new1project.generated.bar' has been successfully deployed. <<1723185645497
policy>>br1>>server_1>>SUCCESS>>1723563554104
BIP9332I<<Application 'policy' has been created successfully. <<1723563554104
BIP9326I<<The source 'policyproject.generated.bar' has been successfully deployed. <<1723563554104
policy>>br1>>server_1>>SUCCESS>>1723563672572
BIP9332I<<Application 'policy' has been changed successfully. <<1723563672572
BIP9326I<<The source 'policyproject.generated.bar' has been successfully deployed. <<1723563672572
policy>>br1>>server_1>>SUCCESS>>1723563847769
BIP9332I<<Application 'policy' has been changed successfully. <<1723563847769
BIP9326I<<The source 'policyproject.generated.bar' has been successfully deployed. <<1723563847769
String_mal>>br1>>server_1>>SUCCESS>>1723567308084
BIP9332I<<Application 'String_mal' has been created successfully. <<1723567308084
BIP9326I<<The source 'String_malproject.generated.bar' has been successfully deployed. <<1723567308084
Qget>>br1>>server_1>>SUCCESS>>1723584282810
BIP9332I<<Application 'Qget' has been created successfully. <<1723584282810
BIP9326I<<The source 'Qgetproject.generated.bar' has been successfully deployed. <<1723584282810
Qget>>br1>>server_1>>SUCCESS>>1723585138470
BIP9332I<<Application 'Qget' has been changed successfully. <<1723585138470
BIP9326I<<The source 'Qgetproject.generated.bar' has been successfully deployed. <<1723585138470
Qget>>br1>>server_1>>SUCCESS>>1723585529219
BIP9332I<<Application 'Qget' has been created successfully. <<1723585529219
BIP9326I<<The source 'Qgetproject.generated.bar' has been successfully deployed. <<1723585529219
Qget>>br1>>server_1>>SUCCESS>>1723586329721
BIP9332I<<Application 'Qget' has been created successfully. <<1723586329721
BIP9326I<<The source 'Qgetproject.generated.bar' has been successfully deployed. <<1723586329721
Qget>>br1>>server_1>>SUCCESS>>1723586451908
BIP9332I<<Application 'Qget' has been changed successfully. <<1723586451908
BIP9326I<<The source 'Qgetproject.generated.bar' has been successfully deployed. <<1723586451908
Qget>>br1>>server_1>>SUCCESS>>1723586604738
BIP9332I<<Application 'Qget' has been changed successfully. <<1723586604738
BIP9326I<<The source 'Qgetproject.generated.bar' has been successfully deployed. <<1723586604738
file_transfer>>br1>>server_1>>SUCCESS>>1724089734756
BIP9332I<<Application 'file_transfer' has been created successfully. <<1724089734756
BIP9326I<<The source 'file_transferproject.generated.bar' has been successfully deployed. <<1724089734756
file_transfer>>br1>>server_1>>WARNING>>1724090920189
BIP9320E<<Message Flow 'mf1', 'mf1' encountered a failure and could not start. <<1724090920189
BIP3386W<<File node 'File Output' in message flow 'mf1'. The remote user identifier supplied as 'bandaru' is invalid. <<1724090920189
BIP9333W<<Application 'file_transfer' has been changed but contains errors which has prevented some resources from starting. <<1724090920189
BIP1096E<<The source 'file_transferproject.generated.bar' has been deployed but there were one or more failures which may mean the deployed resources will be unable to execute. <<1724090920189
file_transfer>>br1>>server_1>>WARNING>>1724091049284
BIP9320E<<Message Flow 'mf1', 'mf1' encountered a failure and could not start. <<1724091049284
BIP3386W<<File node 'File Output' in message flow 'mf1'. The remote user identifier supplied as 'bandaru' is invalid. <<1724091049284
BIP9333W<<Application 'file_transfer' has been created but contains errors which has prevented some resources from starting. <<1724091049284
BIP1096E<<The source 'file_transferproject.generated.bar' has been deployed but there were one or more failures which may mean the deployed resources will be unable to execute. <<1724091049284
file_transfer>>br1>>server_1>>WARNING>>1724097575187
BIP9320E<<Message Flow 'mf1', 'mf1' encountered a failure and could not start. <<1724097575187
BIP3386W<<File node 'File Output' in message flow 'mf1'. The remote user identifier supplied as 'bandaru:sarasu10' is invalid. <<1724097575187
BIP9333W<<Application 'file_transfer' has been changed but contains errors which has prevented some resources from starting. <<1724097575187
BIP1096E<<The source 'file_transferproject.generated.bar' has been deployed but there were one or more failures which may mean the deployed resources will be unable to execute. <<1724097575187
file_transfer>>br1>>server_1>>WARNING>>1724097646969
BIP9320E<<Message Flow 'mf1', 'mf1' encountered a failure and could not start. <<1724097646969
BIP3386W<<File node 'File Output' in message flow 'mf1'. The remote user identifier supplied as 'bandaru:sarasu10' is invalid. <<1724097646969
BIP9333W<<Application 'file_transfer' has been changed but contains errors which has prevented some resources from starting. <<1724097646969
BIP1096E<<The source 'file_transferproject.generated.bar' has been deployed but there were one or more failures which may mean the deployed resources will be unable to execute. <<1724097646969
file_transfer>>br1>>server_1>>WARNING>>1724097711657
BIP9320E<<Message Flow 'mf1', 'mf1' encountered a failure and could not start. <<1724097711657
BIP3386W<<File node 'File Output' in message flow 'mf1'. The remote user identifier supplied as 'bandaru:sarasu10' is invalid. <<1724097711657
BIP9333W<<Application 'file_transfer' has been created but contains errors which has prevented some resources from starting. <<1724097711657
BIP1096E<<The source 'file_transferproject.generated.bar' has been deployed but there were one or more failures which may mean the deployed resources will be unable to execute. <<1724097711657
file_transfer>>br1>>server_1>>SUCCESS>>1724097732954
BIP9332I<<Application 'file_transfer' has been changed successfully. <<1724097732954
BIP9326I<<The source 'file_transferproject.generated.bar' has been successfully deployed. <<1724097732954
file_transfer>>br1>>server_1>>WARNING>>1724099430065
BIP9318E<<Request to 'PreSetupValidate' resource 'file_transfer', 'file_transfer' of type 'Application' failed. <<1724099430065
BIP2432E<<(.mf1_Compute.CopyEntireMessage, 3.54) : The correlation name 'hiii' is not valid. Those in scope are: Environment, InputLocalEnvironment, OutputLocalEnvironment, InputRoot, InputBody, InputProperties, OutputRoot, InputExceptionList, OutputExceptionList, InputDestinationList, OutputDestinationList. <<1724099430065
BIP9333W<<Application 'file_transfer' has been changed but contains errors which has prevented some resources from starting. <<1724099430065
BIP1096E<<The source 'file_transferproject.generated.bar' has been deployed but there were one or more failures which may mean the deployed resources will be unable to execute. <<1724099430065
file_transfer>>br1>>server_1>>SUCCESS>>1724099479675
BIP9332I<<Application 'file_transfer' has been changed successfully. <<1724099479675
BIP9326I<<The source 'file_transferproject.generated.bar' has been successfully deployed. <<1724099479675
file_transfer>>br1>>server_1>>SUCCESS>>1724099548113
BIP9332I<<Application 'file_transfer' has been changed successfully. <<1724099548113
BIP9326I<<The source 'file_transferproject.generated.bar' has been successfully deployed. <<1724099548113
file_transfer>>br1>>server_1>>SUCCESS>>1724099605737
BIP9332I<<Application 'file_transfer' has been changed successfully. <<1724099605737
BIP9326I<<The source 'file_transferproject.generated.bar' has been successfully deployed. <<1724099605737
file_transfer>>br1>>server_1>>SUCCESS>>1724099871942
BIP9332I<<Application 'file_transfer' has been changed successfully. <<1724099871942
BIP9326I<<The source 'file_transferproject.generated.bar' has been successfully deployed. <<1724099871942
file_transfer>>br1>>server_1>>SUCCESS>>1724099922239
BIP9332I<<Application 'file_transfer' has been changed successfully. <<1724099922239
BIP9326I<<The source 'file_transferproject.generated.bar' has been successfully deployed. <<1724099922239
file_transfer>>br1>>server_1>>SUCCESS>>1724100603569
BIP9332I<<Application 'file_transfer' has been changed successfully. <<1724100603569
BIP9326I<<The source 'file_transferproject.generated.bar' has been successfully deployed. <<1724100603569
file_transfer>>br1>>server_1>>WARNING>>1724101265520
BIP9320E<<Message Flow 'mf1', 'mf1' encountered a failure and could not start. <<1724101265520
BIP3386W<<File node 'File Output' in message flow 'mf1'. The remote user identifier supplied as 'br1' is invalid. <<1724101265520
BIP9333W<<Application 'file_transfer' has been changed but contains errors which has prevented some resources from starting. <<1724101265520
BIP1096E<<The source 'file_transferproject.generated.bar' has been deployed but there were one or more failures which may mean the deployed resources will be unable to execute. <<1724101265520
file_transfer>>br1>>server_1>>SUCCESS>>1724101356286
BIP9332I<<Application 'file_transfer' has been changed successfully. <<1724101356286
BIP9326I<<The source 'file_transferproject.generated.bar' has been successfully deployed. <<1724101356286
file_transfer>>br1>>server_1>>SUCCESS>>1724101448302
BIP9332I<<Application 'file_transfer' has been changed successfully. <<1724101448302
BIP9326I<<The source 'file_transferproject.generated.bar' has been successfully deployed. <<1724101448302
file_transfer>>br1>>server_1>>SUCCESS>>1724101993947
BIP9332I<<Application 'file_transfer' has been changed successfully. <<1724101993947
BIP9326I<<The source 'file_transferproject.generated.bar' has been successfully deployed. <<1724101993947
remote>>r1>>ss1>>WARNING>>1724103148619
BIP9320E<<Message Flow 'flow_1', 'flow_1' encountered a failure and could not start. <<1724103148619
BIP3386W<<File node 'File Output' in message flow 'flow_1'. The remote user identifier supplied as 'sftp::192.168.3.116' is invalid. <<1724103148619
BIP9333W<<Application 'remote' has been created but contains errors which has prevented some resources from starting. <<1724103148619
BIP1096E<<The source 'remoteproject.generated.bar' has been deployed but there were one or more failures which may mean the deployed resources will be unable to execute. <<1724103148619
remote>>r1>>ss1>>WARNING>>1724103356603
BIP9320E<<Message Flow 'flow_1', 'flow_1' encountered a failure and could not start. <<1724103356603
BIP3386W<<File node 'File Output' in message flow 'flow_1'. The remote user identifier supplied as 'sftp::192.168.3.116' is invalid. <<1724103356603
BIP9333W<<Application 'remote' has been changed but contains errors which has prevented some resources from starting. <<1724103356603
BIP1096E<<The source 'remoteproject.generated.bar' has been deployed but there were one or more failures which may mean the deployed resources will be unable to execute. <<1724103356603
remote>>r1>>ss1>>WARNING>>1724103377528
BIP9320E<<Message Flow 'flow_1', 'flow_1' encountered a failure and could not start. <<1724103377528
BIP3386W<<File node 'File Output' in message flow 'flow_1'. The remote user identifier supplied as 'sftp::192.168.3.116:22' is invalid. <<1724103377528
BIP9333W<<Application 'remote' has been changed but contains errors which has prevented some resources from starting. <<1724103377528
BIP1096E<<The source 'remoteproject.generated.bar' has been deployed but there were one or more failures which may mean the deployed resources will be unable to execute. <<1724103377528
remote>>r1>>ss1>>WARNING>>1724103559729
BIP9320E<<Message Flow 'flow_1', 'flow_1' encountered a failure and could not start. <<1724103559729
BIP3386W<<File node 'File Output' in message flow 'flow_1'. The remote user identifier supplied as 'sftp::myidentity' is invalid. <<1724103559729
BIP9333W<<Application 'remote' has been changed but contains errors which has prevented some resources from starting. <<1724103559729
BIP1096E<<The source 'remoteproject.generated.bar' has been deployed but there were one or more failures which may mean the deployed resources will be unable to execute. <<1724103559729
remote>>r1>>ss1>>WARNING>>1724103632948
BIP9320E<<Message Flow 'flow_1', 'flow_1' encountered a failure and could not start. <<1724103632948
BIP3386W<<File node 'File Output' in message flow 'flow_1'. The remote user identifier supplied as 'myidentity' is invalid. <<1724103632948
BIP9333W<<Application 'remote' has been changed but contains errors which has prevented some resources from starting. <<1724103632948
BIP1096E<<The source 'remoteproject.generated.bar' has been deployed but there were one or more failures which may mean the deployed resources will be unable to execute. <<1724103632948
remote>>r1>>ss1>>WARNING>>1724104083547
BIP9320E<<Message Flow 'flow_1', 'flow_1' encountered a failure and could not start. <<1724104083547
BIP3386W<<File node 'File Output' in message flow 'flow_1'. The remote user identifier supplied as 'myidentity' is invalid. <<1724104083547
BIP9333W<<Application 'remote' has been changed but contains errors which has prevented some resources from starting. <<1724104083547
BIP1096E<<The source 'remoteproject.generated.bar' has been deployed but there were one or more failures which may mean the deployed resources will be unable to execute. <<1724104083547
remote>>r1>>ss1>>SUCCESS>>1724104156423
BIP9332I<<Application 'remote' has been changed successfully. <<1724104156423
BIP9326I<<The source 'remoteproject.generated.bar' has been successfully deployed. <<1724104156423
remote>>r1>>ss1>>SUCCESS>>1724104480689
BIP9332I<<Application 'remote' has been changed successfully. <<1724104480689
BIP9326I<<The source 'remoteproject.generated.bar' has been successfully deployed. <<1724104480689
remote>>r1>>ss1>>SUCCESS>>1724104655656
BIP9332I<<Application 'remote' has been changed successfully. <<1724104655656
BIP9326I<<The source 'remoteproject.generated.bar' has been successfully deployed. <<1724104655656
remote>>r1>>ss1>>SUCCESS>>1724105092817
BIP9332I<<Application 'remote' has been changed successfully. <<1724105092817
BIP9326I<<The source 'remoteproject.generated.bar' has been successfully deployed. <<1724105092817
remote>>r1>>ss1>>SUCCESS>>1724105889819
BIP9332I<<Application 'remote' has been changed successfully. <<1724105889819
BIP9326I<<The source 'remoteproject.generated.bar' has been successfully deployed. <<1724105889819
remote>>r1>>ss1>>SUCCESS>>1724109308527
BIP9332I<<Application 'remote' has been changed successfully. <<1724109308527
BIP9326I<<The source 'remoteproject.generated.bar' has been successfully deployed. <<1724109308527
remote>>r1>>ss1>>SUCCESS>>1724109511662
BIP9332I<<Application 'remote' has been changed successfully. <<1724109511662
BIP9326I<<The source 'remoteproject.generated.bar' has been successfully deployed. <<1724109511662
remote>>r1>>ss1>>SUCCESS>>1724109631165
BIP9332I<<Application 'remote' has been changed successfully. <<1724109631165
BIP9326I<<The source 'remoteproject.generated.bar' has been successfully deployed. <<1724109631165
remote>>r1>>ss1>>SUCCESS>>1724112017752
BIP9332I<<Application 'remote' has been changed successfully. <<1724112017752
BIP9326I<<The source 'remoteproject.generated.bar' has been successfully deployed. <<1724112017752
remote>>r1>>ss1>>SUCCESS>>1724112531946
BIP9332I<<Application 'remote' has been changed successfully. <<1724112531946
BIP9326I<<The source 'remoteproject.generated.bar' has been successfully deployed. <<1724112531946
remote>>r1>>ss1>>SUCCESS>>1724112593023
BIP9332I<<Application 'remote' has been changed successfully. <<1724112593023
BIP9326I<<The source 'remoteproject.generated.bar' has been successfully deployed. <<1724112593023
remote>>r1>>ss1>>SUCCESS>>1724113299332
BIP9332I<<Application 'remote' has been changed successfully. <<1724113299332
BIP9326I<<The source 'remoteproject.generated.bar' has been successfully deployed. <<1724113299332
remote>>r1>>ss1>>SUCCESS>>1724169831687
BIP9332I<<Application 'remote' has been changed successfully. <<1724169831687
BIP9326I<<The source 'remoteproject.generated.bar' has been successfully deployed. <<1724169831687
remote>>r1>>ss1>>SUCCESS>>1724170086906
BIP9332I<<Application 'remote' has been changed successfully. <<1724170086906
BIP9326I<<The source 'remoteproject.generated.bar' has been successfully deployed. <<1724170086906
qwerty>>r1>>ss1>>SUCCESS>>1724170502079
BIP9332I<<Application 'qwerty' has been created successfully. <<1724170502079
BIP9326I<<The source 'qwertyproject.generated.bar' has been successfully deployed. <<1724170502079
File_other_opration>>r1>>ss1>>SUCCESS>>1724170781735
BIP9332I<<Application 'File_other_opration' has been created successfully. <<1724170781735
BIP9326I<<The source 'File_other_oprationproject.generated.bar' has been successfully deployed. <<1724170781735
File_other_opration>>r1>>ss1>>SUCCESS>>1724170819735
BIP9332I<<Application 'File_other_opration' has been changed successfully. <<1724170819735
BIP9326I<<The source 'File_other_oprationproject.generated.bar' has been successfully deployed. <<1724170819735
File_other_opration>>r1>>ss1>>SUCCESS>>1724170878392
BIP9332I<<Application 'File_other_opration' has been changed successfully. <<1724170878392
BIP9326I<<The source 'File_other_oprationproject.generated.bar' has been successfully deployed. <<1724170878392
File_other_opration>>r1>>ss1>>SUCCESS>>1724170944938
BIP9332I<<Application 'File_other_opration' has been changed successfully. <<1724170944938
BIP9326I<<The source 'File_other_oprationproject.generated.bar' has been successfully deployed. <<1724170944938
File_other_opration>>r1>>ss1>>SUCCESS>>1724171787923
BIP9332I<<Application 'File_other_opration' has been changed successfully. <<1724171787923
BIP9326I<<The source 'File_other_oprationproject.generated.bar' has been successfully deployed. <<1724171787923
remote>>r1>>ss1>>SUCCESS>>1724171978423
BIP9332I<<Application 'remote' has been created successfully. <<1724171978423
BIP9326I<<The source 'remoteproject.generated.bar' has been successfully deployed. <<1724171978423
aadit>>new1>>g1>>SUCCESS>>1724174243163
BIP9332I<<Application 'aadit' has been created successfully. <<1724174243163
BIP9326I<<The source 'aaditproject.generated.bar' has been successfully deployed. <<1724174243163
aadit>>new1>>g1>>SUCCESS>>1724175910257
BIP9332I<<Application 'aadit' has been changed successfully. <<1724175910257
BIP9326I<<The source 'aaditproject.generated.bar' has been successfully deployed. <<1724175910257
aadit>>new1>>g1>>SUCCESS>>1724176084054
BIP9332I<<Application 'aadit' has been changed successfully. <<1724176084054
BIP9326I<<The source 'aaditproject.generated.bar' has been successfully deployed. <<1724176084054
aadit>>new1>>g1>>SUCCESS>>1724176462102
BIP9332I<<Application 'aadit' has been changed successfully. <<1724176462102
BIP9326I<<The source 'aaditproject.generated.bar' has been successfully deployed. <<1724176462102
aadit>>new1>>g1>>SUCCESS>>1724176552132
BIP9332I<<Application 'aadit' has been changed successfully. <<1724176552132
BIP9326I<<The source 'aaditproject.generated.bar' has been successfully deployed. <<1724176552132
File_other_opration>>new1>>g1>>SUCCESS>>1724184163907
BIP9332I<<Application 'File_other_opration' has been created successfully. <<1724184163907
BIP9326I<<The source 'File_other_oprationproject.generated.bar' has been successfully deployed. <<1724184163907
File_other_opration>>new1>>g1>>SUCCESS>>1724184349932
BIP9332I<<Application 'File_other_opration' has been changed successfully. <<1724184349932
BIP9326I<<The source 'File_other_oprationproject.generated.bar' has been successfully deployed. <<1724184349932
File_other_opration>>new1>>g1>>SUCCESS>>1724184462650
BIP9332I<<Application 'File_other_opration' has been changed successfully. <<1724184462650
BIP9326I<<The source 'File_other_oprationproject.generated.bar' has been successfully deployed. <<1724184462650
File_other_opration>>new1>>g1>>SUCCESS>>1724184899252
BIP9332I<<Application 'File_other_opration' has been changed successfully. <<1724184899252
BIP9326I<<The source 'File_other_oprationproject.generated.bar' has been successfully deployed. <<1724184899252
File_other_opration>>new1>>g1>>SUCCESS>>1724185195127
BIP9332I<<Application 'File_other_opration' has been changed successfully. <<1724185195127
BIP9326I<<The source 'File_other_oprationproject.generated.bar' has been successfully deployed. <<1724185195127
File_other_opration>>new1>>g1>>SUCCESS>>1724185765002
BIP9332I<<Application 'File_other_opration' has been changed successfully. <<1724185765002
BIP9326I<<The source 'File_other_oprationproject.generated.bar' has been successfully deployed. <<1724185765002
File_other_opration>>new1>>g1>>SUCCESS>>1724186038793
BIP9332I<<Application 'File_other_opration' has been changed successfully. <<1724186038793
BIP9326I<<The source 'File_other_oprationproject.generated.bar' has been successfully deployed. <<1724186038793
database_conn>>DB1>>conn>>WARNING>>1724198296594
BIP9318E<<Request to 'PreSetupValidate' resource 'database_conn', 'database_conn' of type 'Application' failed. <<1724198296594
BIP2432E<<(.db_conn_mf_Compute.CopyEntireMessage, 10.19) : The correlation name 'SYS.TIGER_JINDA_HAI' is not valid. Those in scope are: Database, Environment, InputLocalEnvironment, OutputLocalEnvironment, InputRoot, InputBody, InputProperties, OutputRoot, InputExceptionList, OutputExceptionList, InputDestinationList, OutputDestinationList, Id, Name, Country, Age. <<1724198296594
BIP9333W<<Application 'database_conn' has been created but contains errors which has prevented some resources from starting. <<1724198296594
BIP1096E<<The source 'database_connproject.generated.bar' has been deployed but there were one or more failures which may mean the deployed resources will be unable to execute. <<1724198296594
database_conn>>DB1>>conn>>WARNING>>1724198488482
BIP9318E<<Request to 'PreSetupValidate' resource 'database_conn', 'database_conn' of type 'Application' failed. <<1724198488482
BIP2432E<<(.db_conn_mf_Compute.CopyEntireMessage, 12.21) : The correlation name 'MY_SCHEMA.TIGER_JINDA_HAI' is not valid. Those in scope are: Database, Environment, InputLocalEnvironment, OutputLocalEnvironment, InputRoot, InputBody, InputProperties, OutputRoot, InputExceptionList, OutputExceptionList, InputDestinationList, OutputDestinationList, Id, Name, Country, Age. <<1724198488482
BIP9333W<<Application 'database_conn' has been changed but contains errors which has prevented some resources from starting. <<1724198488482
BIP1096E<<The source 'database_connproject.generated.bar' has been deployed but there were one or more failures which may mean the deployed resources will be unable to execute. <<1724198488482
database_conn>>DB1>>conn>>WARNING>>1724198872383
BIP9318E<<Request to 'PreSetupValidate' resource 'database_conn', 'database_conn' of type 'Application' failed. <<1724198872383
BIP2432E<<(.db_conn_mf_Compute.CopyEntireMessage, 9.21) : The correlation name 'SYSTEM.TIGER_JINDA_HAI' is not valid. Those in scope are: Database, Environment, InputLocalEnvironment, OutputLocalEnvironment, InputRoot, InputBody, InputProperties, OutputRoot, InputExceptionList, OutputExceptionList, InputDestinationList, OutputDestinationList, Id, Name, Country, Age. <<1724198872383
BIP9333W<<Application 'database_conn' has been changed but contains errors which has prevented some resources from starting. <<1724198872383
BIP1096E<<The source 'database_connproject.generated.bar' has been deployed but there were one or more failures which may mean the deployed resources will be unable to execute. <<1724198872383
database_conn>>DB1>>conn>>WARNING>>1724199105626
BIP9318E<<Request to 'PreSetupValidate' resource 'database_conn', 'database_conn' of type 'Application' failed. <<1724199105626
BIP2432E<<(.db_conn_mf_Compute.CopyEntireMessage, 9.21) : The correlation name 'SYSTEM.TIGER_JINDA_HAI' is not valid. Those in scope are: Database, Environment, InputLocalEnvironment, OutputLocalEnvironment, InputRoot, InputBody, InputProperties, OutputRoot, InputExceptionList, OutputExceptionList, InputDestinationList, OutputDestinationList, Id, Name, Country, Age. <<1724199105626
BIP9333W<<Application 'database_conn' has been changed but contains errors which has prevented some resources from starting. <<1724199105626
BIP1096E<<The source 'database_connproject.generated.bar' has been deployed but there were one or more failures which may mean the deployed resources will be unable to execute. <<1724199105626
database_conn>>DB1>>conn>>WARNING>>1724199463987
BIP9318E<<Request to 'PreSetupValidate' resource 'database_conn', 'database_conn' of type 'Application' failed. <<1724199463987
BIP2432E<<(.db_conn_mf_Compute.CopyEntireMessage, 9.21) : The correlation name 'SYSTEM.TIGER_JINDA_HAI' is not valid. Those in scope are: Database, Environment, InputLocalEnvironment, OutputLocalEnvironment, InputRoot, InputBody, InputProperties, OutputRoot, InputExceptionList, OutputExceptionList, InputDestinationList, OutputDestinationList, Id, Name, Country, Age. <<1724199463987
BIP9333W<<Application 'database_conn' has been changed but contains errors which has prevented some resources from starting. <<1724199463987
BIP1096E<<The source 'database_connproject.generated.bar' has been deployed but there were one or more failures which may mean the deployed resources will be unable to execute. <<1724199463987
database_conn>>DB1>>conn>>SUCCESS>>1724199573030
BIP9332I<<Application 'database_conn' has been changed successfully. <<1724199573030
BIP9326I<<The source 'database_connproject.generated.bar' has been successfully deployed. <<1724199573030
database_conn>>DB1>>conn>>SUCCESS>>1724199824790
BIP9332I<<Application 'database_conn' has been changed successfully. <<1724199824790
BIP9326I<<The source 'database_connproject.generated.bar' has been successfully deployed. <<1724199824790
database_conn>>DB1>>conn>>SUCCESS>>1724199933347
BIP9332I<<Application 'database_conn' has been changed successfully. <<1724199933347
BIP9326I<<The source 'database_connproject.generated.bar' has been successfully deployed. <<1724199933347
database_conn>>DB1>>conn>>WARNING>>1724255836606
BIP9318E<<Request to 'PreSetupValidate' resource 'database_conn', 'database_conn' of type 'Application' failed. <<1724255836606
BIP2905E<<(.db_conn_mf_Compute.CopyEntireMessage, 8.4) : The expression passed to the 'THROW' statement as parameter 'MESSAGE' must evaluate to a 'INTEGER' value. <<1724255836606
BIP9333W<<Application 'database_conn' has been changed but contains errors which has prevented some resources from starting. <<1724255836606
BIP1096E<<The source 'database_connproject.generated.bar' has been deployed but there were one or more failures which may mean the deployed resources will be unable to execute. <<1724255836606
database_conn>>DB1>>conn>>WARNING>>1724256375142
BIP9318E<<Request to 'PreSetupValidate' resource 'database_conn', 'database_conn' of type 'Application' failed. <<1724256375142
BIP2905E<<(.db_conn_mf_Compute.CopyEntireMessage, 8.4) : The expression passed to the 'THROW' statement as parameter 'MESSAGE' must evaluate to a 'INTEGER' value. <<1724256375142
BIP9333W<<Application 'database_conn' has been changed but contains errors which has prevented some resources from starting. <<1724256375142
BIP1096E<<The source 'database_connproject.generated.bar' has been deployed but there were one or more failures which may mean the deployed resources will be unable to execute. <<1724256375142
database_conn>>DB1>>conn>>WARNING>>1724256412069
BIP9318E<<Request to 'PreSetupValidate' resource 'database_conn', 'database_conn' of type 'Application' failed. <<1724256412069
BIP2905E<<(.db_conn_mf_Compute.CopyEntireMessage, 8.4) : The expression passed to the 'THROW' statement as parameter 'MESSAGE' must evaluate to a 'INTEGER' value. <<1724256412069
BIP9333W<<Application 'database_conn' has been changed but contains errors which has prevented some resources from starting. <<1724256412069
BIP1096E<<The source 'database_connproject.generated.bar' has been deployed but there were one or more failures which may mean the deployed resources will be unable to execute. <<1724256412069
database_conn>>DB1>>conn>>SUCCESS>>1724256430359
BIP9332I<<Application 'database_conn' has been changed successfully. <<1724256430359
BIP9326I<<The source 'database_connproject.generated.bar' has been successfully deployed. <<1724256430359
database_conn>>DB1>>conn>>SUCCESS>>1724256995058
BIP9332I<<Application 'database_conn' has been changed successfully. <<1724256995058
BIP9326I<<The source 'database_connproject.generated.bar' has been successfully deployed. <<1724256995058
database_conn>>DB1>>conn>>SUCCESS>>1724257421520
BIP9332I<<Application 'database_conn' has been changed successfully. <<1724257421520
BIP9326I<<The source 'database_connproject.generated.bar' has been successfully deployed. <<1724257421520
database_conn>>DB1>>conn>>WARNING>>1724258880978
BIP9318E<<Request to 'PreSetupValidate' resource 'database_conn', 'database_conn' of type 'Application' failed. <<1724258880978
BIP2432E<<(.db_conn_mf_Compute.CopyEntireMessage, 12.13) : The correlation name 'resultCode' is not valid. Those in scope are: Environment, InputLocalEnvironment, OutputLocalEnvironment, InputRoot, InputBody, InputProperties, OutputRoot, InputExceptionList, OutputExceptionList, InputDestinationList, OutputDestinationList, Id, Name, Country, Age. <<1724258880978
BIP9333W<<Application 'database_conn' has been changed but contains errors which has prevented some resources from starting. <<1724258880978
BIP1096E<<The source 'database_connproject.generated.bar' has been deployed but there were one or more failures which may mean the deployed resources will be unable to execute. <<1724258880978
database_conn>>DB1>>conn>>SUCCESS>>1724258950463
BIP9332I<<Application 'database_conn' has been changed successfully. <<1724258950463
BIP9326I<<The source 'database_connproject.generated.bar' has been successfully deployed. <<1724258950463
database_conn>>DB1>>conn>>SUCCESS>>1724259108605
BIP9332I<<Application 'database_conn' has been changed successfully. <<1724259108605
BIP9326I<<The source 'database_connproject.generated.bar' has been successfully deployed. <<1724259108605
database_conn>>DB1>>conn>>SUCCESS>>1724259943518
BIP9332I<<Application 'database_conn' has been changed successfully. <<1724259943518
BIP9326I<<The source 'database_connproject.generated.bar' has been successfully deployed. <<1724259943518
database_conn>>DB1>>conn>>SUCCESS>>1724259998754
BIP9332I<<Application 'database_conn' has been created successfully. <<1724259998754
BIP9326I<<The source 'database_connproject.generated.bar' has been successfully deployed. <<1724259998754
database_conn>>DB1>>conn>>SUCCESS>>1724260424052
BIP9332I<<Application 'database_conn' has been changed successfully. <<1724260424052
BIP9326I<<The source 'database_connproject.generated.bar' has been successfully deployed. <<1724260424052
database_conn>>DB1>>conn>>SUCCESS>>1724261326749
BIP9332I<<Application 'database_conn' has been changed successfully. <<1724261326749
BIP9326I<<The source 'database_connproject.generated.bar' has been successfully deployed. <<1724261326749
database_conn>>DB1>>conn>>SUCCESS>>1724262793156
BIP9332I<<Application 'database_conn' has been changed successfully. <<1724262793156
BIP9326I<<The source 'database_connproject.generated.bar' has been successfully deployed. <<1724262793156
Database_procedurs>>DB1>>conn>>SUCCESS>>1724273827244
BIP9332I<<Application 'Database_procedurs' has been created successfully. <<1724273827244
BIP9326I<<The source 'Database_procedursproject.generated.bar' has been successfully deployed. <<1724273827244
Database_procedurs>>DB1>>conn>>SUCCESS>>1724273919071
BIP9332I<<Application 'Database_procedurs' has been created successfully. <<1724273919071
BIP9326I<<The source 'Database_procedursproject.generated.bar' has been successfully deployed. <<1724273919071
Database_procedurs>>DB1>>conn>>SUCCESS>>1724274109725
BIP9332I<<Application 'Database_procedurs' has been changed successfully. <<1724274109725
BIP9326I<<The source 'Database_procedursproject.generated.bar' has been successfully deployed. <<1724274109725
Database_procedurs>>DB1>>conn>>SUCCESS>>1724275743998
BIP9332I<<Application 'Database_procedurs' has been changed successfully. <<1724275743998
BIP9326I<<The source 'Database_procedursproject.generated.bar' has been successfully deployed. <<1724275743998
Database_procedurs>>DB1>>conn>>SUCCESS>>1724276028119
BIP9332I<<Application 'Database_procedurs' has been changed successfully. <<1724276028119
BIP9326I<<The source 'Database_procedursproject.generated.bar' has been successfully deployed. <<1724276028119
Database_procedurs>>DB1>>conn>>SUCCESS>>1724276126255
BIP9332I<<Application 'Database_procedurs' has been changed successfully. <<1724276126255
BIP9326I<<The source 'Database_procedursproject.generated.bar' has been successfully deployed. <<1724276126255
Database_procedurs>>DB1>>conn>>SUCCESS>>1724277115105
BIP9332I<<Application 'Database_procedurs' has been changed successfully. <<1724277115105
BIP9326I<<The source 'Database_procedursproject.generated.bar' has been successfully deployed. <<1724277115105
Database_procedurs>>DB1>>conn>>SUCCESS>>1724279292186
BIP9332I<<Application 'Database_procedurs' has been changed successfully. <<1724279292186
BIP9326I<<The source 'Database_procedursproject.generated.bar' has been successfully deployed. <<1724279292186
Database_procedurs>>DB1>>conn>>SUCCESS>>1724283259773
BIP9332I<<Application 'Database_procedurs' has been changed successfully. <<1724283259773
BIP9326I<<The source 'Database_procedursproject.generated.bar' has been successfully deployed. <<1724283259773
Database_procedurs>>DB1>>conn>>SUCCESS>>1724284109543
BIP9332I<<Application 'Database_procedurs' has been changed successfully. <<1724284109543
BIP9326I<<The source 'Database_procedursproject.generated.bar' has been successfully deployed. <<1724284109543
Database_procedurs>>DB1>>conn>>SUCCESS>>1724284128151
BIP9332I<<Application 'Database_procedurs' has been changed successfully. <<1724284128151
BIP9326I<<The source 'Database_procedursproject.generated.bar' has been successfully deployed. <<1724284128151
Qget>>r1>>ss1>>SUCCESS>>1724341119911
BIP9332I<<Application 'Qget' has been created successfully. <<1724341119911
BIP9326I<<The source 'Qgetproject.generated.bar' has been successfully deployed. <<1724341119911
Database_procedurs>>DB1>>conn>>SUCCESS>>1724341754433
BIP9332I<<Application 'Database_procedurs' has been changed successfully. <<1724341754433
BIP9326I<<The source 'Database_procedursproject.generated.bar' has been successfully deployed. <<1724341754433
Database_procedurs>>DB1>>conn>>SUCCESS>>1724342334071
BIP9332I<<Application 'Database_procedurs' has been changed successfully. <<1724342334071
BIP9326I<<The source 'Database_procedursproject.generated.bar' has been successfully deployed. <<1724342334071
aadit>>DB1>>conn>>WARNING>>1724346513969
BIP9320E<<Message Flow 'remot_sar', 'remot_sar' encountered a failure and could not start. <<1724346513969
BIP3386W<<File node 'File Output' in message flow 'remot_sar'. The remote user identifier supplied as 'usr1' is invalid. <<1724346513969
BIP9333W<<Application 'aadit' has been changed but contains errors which has prevented some resources from starting. <<1724346513969
BIP1096E<<The source 'aaditproject.generated.bar' has been deployed but there were one or more failures which may mean the deployed resources will be unable to execute. <<1724346513969
aadit>>DB1>>conn>>WARNING>>1724346600130
BIP9320E<<Message Flow 'remot_sar', 'remot_sar' encountered a failure and could not start. <<1724346600130
BIP3386W<<File node 'File Output' in message flow 'remot_sar'. The remote user identifier supplied as 'usr1' is invalid. <<1724346600130
BIP9333W<<Application 'aadit' has been changed but contains errors which has prevented some resources from starting. <<1724346600130
BIP1096E<<The source 'aaditproject.generated.bar' has been deployed but there were one or more failures which may mean the deployed resources will be unable to execute. <<1724346600130
aadit>>DB1>>conn>>SUCCESS>>1724346639491
BIP9332I<<Application 'aadit' has been changed successfully. <<1724346639491
BIP9326I<<The source 'aaditproject.generated.bar' has been successfully deployed. <<1724346639491
aadit>>DB1>>conn>>SUCCESS>>1724346710695
BIP9332I<<Application 'aadit' has been changed successfully. <<1724346710695
BIP9326I<<The source 'aaditproject.generated.bar' has been successfully deployed. <<1724346710695
String_mal>>r1>>ss1>>SUCCESS>>1724347670789
BIP9332I<<Application 'String_mal' has been created successfully. <<1724347670789
BIP9326I<<The source 'String_malproject.generated.bar' has been successfully deployed. <<1724347670789
String_mal>>r1>>ss1>>SUCCESS>>1724347854683
BIP9332I<<Application 'String_mal' has been changed successfully. <<1724347854683
BIP9326I<<The source 'String_malproject.generated.bar' has been successfully deployed. <<1724347854683
String_mal>>r1>>ss1>>SUCCESS>>1724347920925
BIP9332I<<Application 'String_mal' has been changed successfully. <<1724347920925
BIP9326I<<The source 'String_malproject.generated.bar' has been successfully deployed. <<1724347920925
client>>r1>>ss1>>SUCCESS>>1724359898401
BIP9332I<<Application 'client' has been created successfully. <<1724359898401
BIP9326I<<The source 'clientproject.generated.bar' has been successfully deployed. <<1724359898401
server>>r1>>ss1>>SUCCESS>>1724359921279
BIP9332I<<Application 'server' has been created successfully. <<1724359921279
BIP9326I<<The source 'serverproject.generated.bar' has been successfully deployed. <<1724359921279
client>>r1>>ss1>>SUCCESS>>1724360035749
BIP9332I<<Application 'client' has been created successfully. <<1724360035749
BIP9326I<<The source 'clientproject.generated.bar' has been successfully deployed. <<1724360035749
server>>r1>>ss1>>SUCCESS>>1724360045262
BIP9332I<<Application 'server' has been created successfully. <<1724360045262
BIP9326I<<The source 'serverproject.generated.bar' has been successfully deployed. <<1724360045262
client>>r1>>ss1>>SUCCESS>>1724360329595
BIP9332I<<Application 'client' has been changed successfully. <<1724360329595
BIP9326I<<The source 'clientproject.generated.bar' has been successfully deployed. <<1724360329595
server>>r1>>ss1>>SUCCESS>>1724360341967
BIP9332I<<Application 'server' has been changed successfully. <<1724360341967
BIP9326I<<The source 'serverproject.generated.bar' has been successfully deployed. <<1724360341967
client>>r1>>ss1>>SUCCESS>>1724360387262
BIP9332I<<Application 'client' has been changed successfully. <<1724360387262
BIP9326I<<The source 'clientproject.generated.bar' has been successfully deployed. <<1724360387262
server>>r1>>ss1>>SUCCESS>>1724360395832
BIP9332I<<Application 'server' has been changed successfully. <<1724360395832
BIP9326I<<The source 'serverproject.generated.bar' has been successfully deployed. <<1724360395832
client>>DB1>>conn>>SUCCESS>>1724361580270
BIP9332I<<Application 'client' has been created successfully. <<1724361580270
BIP9326I<<The source 'clientproject.generated.bar' has been successfully deployed. <<1724361580270
server>>DB1>>conn>>SUCCESS>>1724361586266
BIP9332I<<Application 'server' has been created successfully. <<1724361586266
BIP9326I<<The source 'serverproject.generated.bar' has been successfully deployed. <<1724361586266
server>>DB1>>conn>>SUCCESS>>1724361645266
BIP9332I<<Application 'server' has been changed successfully. <<1724361645266
BIP9326I<<The source 'serverproject.generated.bar' has been successfully deployed. <<1724361645266
asyn_clint>>r1>>ss1>>SUCCESS>>1724362900039
BIP9332I<<Application 'asyn_clint' has been created successfully. <<1724362900039
BIP9326I<<The source 'asyn_clintproject.generated.bar' has been successfully deployed. <<1724362900039
async_ser>>r1>>ss1>>SUCCESS>>1724362906824
BIP9332I<<Application 'async_ser' has been created successfully. <<1724362906824
BIP9326I<<The source 'async_serproject.generated.bar' has been successfully deployed. <<1724362906824
asyn_clint>>r1>>ss1>>SUCCESS>>1724362976229
BIP9332I<<Application 'asyn_clint' has been changed successfully. <<1724362976229
BIP9326I<<The source 'asyn_clintproject.generated.bar' has been successfully deployed. <<1724362976229
async_ser>>r1>>ss1>>SUCCESS>>1724362986591
BIP9332I<<Application 'async_ser' has been changed successfully. <<1724362986591
BIP9326I<<The source 'async_serproject.generated.bar' has been successfully deployed. <<1724362986591
async_ser>>r1>>ss1>>SUCCESS>>1724363060940
BIP9332I<<Application 'async_ser' has been changed successfully. <<1724363060940
BIP9326I<<The source 'async_serproject.generated.bar' has been successfully deployed. <<1724363060940
asyn_clint>>r1>>ss1>>SUCCESS>>1724363599349
BIP9332I<<Application 'asyn_clint' has been changed successfully. <<1724363599349
BIP9326I<<The source 'asyn_clintproject.generated.bar' has been successfully deployed. <<1724363599349
async_ser>>r1>>ss1>>SUCCESS>>1724363612475
BIP9332I<<Application 'async_ser' has been changed successfully. <<1724363612475
BIP9326I<<The source 'async_serproject.generated.bar' has been successfully deployed. <<1724363612475
async_ser>>r1>>ss1>>SUCCESS>>1724363845952
BIP9332I<<Application 'async_ser' has been changed successfully. <<1724363845952
BIP9326I<<The source 'async_serproject.generated.bar' has been successfully deployed. <<1724363845952
asyn_clint>>r1>>ss1>>SUCCESS>>1724363853439
BIP9332I<<Application 'asyn_clint' has been changed successfully. <<1724363853439
BIP9326I<<The source 'asyn_clintproject.generated.bar' has been successfully deployed. <<1724363853439
asyn_clint>>r1>>ss1>>SUCCESS>>1724363918352
BIP9332I<<Application 'asyn_clint' has been changed successfully. <<1724363918352
BIP9326I<<The source 'asyn_clintproject.generated.bar' has been successfully deployed. <<1724363918352
async_ser>>r1>>ss1>>SUCCESS>>1724363924894
BIP9332I<<Application 'async_ser' has been changed successfully. <<1724363924894
BIP9326I<<The source 'async_serproject.generated.bar' has been successfully deployed. <<1724363924894
async_ser>>r1>>ss1>>SUCCESS>>1724364150476
BIP9332I<<Application 'async_ser' has been created successfully. <<1724364150476
BIP9326I<<The source 'async_serproject.generated.bar' has been successfully deployed. <<1724364150476
asyn_clint>>r1>>ss1>>SUCCESS>>1724364160712
BIP9332I<<Application 'asyn_clint' has been created successfully. <<1724364160712
BIP9326I<<The source 'asyn_clintproject.generated.bar' has been successfully deployed. <<1724364160712
SOAP>>r1>>rr1>>SUCCESS>>1724458554952
BIP9332I<<Application 'SOAP' has been created successfully. <<1724458554952
BIP9326I<<The source 'SOAPproject.generated.bar' has been successfully deployed. <<1724458554952
override_queue>>override>>server11>>SUCCESS>>1724530508230
BIP9332I<<Application 'override_queue' has been created successfully. <<1724530508230
BIP9326I<<The source 'override_queueproject.generated.bar' has been successfully deployed. <<1724530508230
override_queue>>override>>server11>>SUCCESS>>1724530632300
BIP9332I<<Application 'override_queue' has been changed successfully. <<1724530632300
BIP9326I<<The source 'override_queueproject.generated.bar' has been successfully deployed. <<1724530632300
App1>>override>>server11>>SUCCESS>>1724531303669
BIP9332I<<Application 'App1' has been created successfully. <<1724531303669
BIP9326I<<The source 'App1project.generated.bar' has been successfully deployed. <<1724531303669
override_queue>>override>>server11>>SUCCESS>>1724531591232
BIP9332I<<Application 'override_queue' has been created successfully. <<1724531591232
BIP9326I<<The source 'override_queueproject.generated.bar' has been successfully deployed. <<1724531591232
override_queue>>override>>server11>>SUCCESS>>1724531741430
BIP9332I<<Application 'override_queue' has been changed successfully. <<1724531741430
BIP9326I<<The source 'override_queueproject.generated.bar' has been successfully deployed. <<1724531741430
override_queue>>override>>server11>>SUCCESS>>1724532013430
BIP9332I<<Application 'override_queue' has been changed successfully. <<1724532013430
BIP9326I<<The source 'override_queueproject.generated.bar' has been successfully deployed. <<1724532013430
override_queue>>override>>server11>>SUCCESS>>1724532274325
BIP9332I<<Application 'override_queue' has been created successfully. <<1724532274325
BIP9326I<<The source 'override_queueproject.generated.bar' has been successfully deployed. <<1724532274325
override_2>>override>>server11>>SUCCESS>>1724532988740
BIP9332I<<Application 'override_2' has been created successfully. <<1724532988740
BIP9326I<<The source 'override_2project.generated.bar' has been successfully deployed. <<1724532988740
override_2>>override>>server11>>SUCCESS>>1724533087090
BIP9332I<<Application 'override_2' has been changed successfully. <<1724533087090
BIP9326I<<The source 'override_2project.generated.bar' has been successfully deployed. <<1724533087090
override_2>>override2>>over2>>SUCCESS>>1724533505863
BIP9332I<<Application 'override_2' has been created successfully. <<1724533505863
BIP9326I<<The source 'override_2project.generated.bar' has been successfully deployed. <<1724533505863
override_2>>override2>>over2>>SUCCESS>>1724533688682
BIP9332I<<Application 'override_2' has been changed successfully. <<1724533688682
BIP9326I<<The source 'override_2project.generated.bar' has been successfully deployed. <<1724533688682
override_2>>override2>>over2>>SUCCESS>>1724533759447
BIP9332I<<Application 'override_2' has been created successfully. <<1724533759447
BIP9326I<<The source 'override_2project.generated.bar' has been successfully deployed. <<1724533759447
override_2>>override2>>over2>>SUCCESS>>1724533851183
BIP9332I<<Application 'override_2' has been changed successfully. <<1724533851183
BIP9326I<<The source 'override_2project.generated.bar' has been successfully deployed. <<1724533851183
App>>override2>>over2>>SUCCESS>>1724533521829
BIP9332I<<Application 'App' has been created successfully. <<1724533521829
BIP9326I<<The source 'Appproject.generated.bar' has been successfully deployed. <<1724533521829
SOAP_app2>>override2>>over2>>SUCCESS>>1724535662691
BIP9332I<<Application 'SOAP_app2' has been created successfully. <<1724535662691
BIP9326I<<The source 'SOAP_app2project.generated.bar' has been successfully deployed. <<1724535662691
app_Soap>>override2>>over2>>SUCCESS>>1724543478092
BIP9332I<<Application 'app_Soap' has been created successfully. <<1724543478092
BIP9326I<<The source 'app_Soapproject.generated.bar' has been successfully deployed. <<1724543478092
app_Soap>>override2>>over2>>SUCCESS>>1724543516256
BIP9332I<<Application 'app_Soap' has been created successfully. <<1724543516256
BIP9326I<<The source 'app_Soapproject.generated.bar' has been successfully deployed. <<1724543516256
app_Soap>>override2>>over2>>SUCCESS>>1724543629328
BIP9332I<<Application 'app_Soap' has been changed successfully. <<1724543629328
BIP9326I<<The source 'app_Soapproject.generated.bar' has been successfully deployed. <<1724543629328
app_Soap>>override2>>over2>>SUCCESS>>1724543725935
BIP9332I<<Application 'app_Soap' has been changed successfully. <<1724543725935
BIP9326I<<The source 'app_Soapproject.generated.bar' has been successfully deployed. <<1724543725935
app_Soap>>override2>>over2>>SUCCESS>>1724543845175
BIP9332I<<Application 'app_Soap' has been changed successfully. <<1724543845175
BIP9326I<<The source 'app_Soapproject.generated.bar' has been successfully deployed. <<1724543845175
app_Soap>>override2>>over2>>SUCCESS>>1724544017252
BIP9332I<<Application 'app_Soap' has been changed successfully. <<1724544017252
BIP9326I<<The source 'app_Soapproject.generated.bar' has been successfully deployed. <<1724544017252
app_Soap>>override2>>over2>>SUCCESS>>1724686777131
BIP9332I<<Application 'app_Soap' has been changed successfully. <<1724686777131
BIP9326I<<The source 'app_Soapproject.generated.bar' has been successfully deployed. <<1724686777131
SOAP_app2>>override2>>over2>>SUCCESS>>1724686927248
BIP9332I<<Application 'SOAP_app2' has been created successfully. <<1724686927248
BIP9326I<<The source 'SOAP_app2project.generated.bar' has been successfully deployed. <<1724686927248
override_2>>override2>>over2>>SUCCESS>>1724687154545
BIP9332I<<Application 'override_2' has been created successfully. <<1724687154545
BIP9326I<<The source 'override_2project.generated.bar' has been successfully deployed. <<1724687154545
restAPI>>override2>>over2>>SUCCESS>>1724702887589
BIP9332I<<RestAPI 'restAPI' has been created successfully. <<1724702887589
BIP9326I<<The source 'restAPIproject.generated.bar' has been successfully deployed. <<1724702887589
restAPI>>DB1>>conn>>SUCCESS>>1724703246176
BIP9332I<<RestAPI 'restAPI' has been created successfully. <<1724703246176
BIP9326I<<The source 'restAPIproject.generated.bar' has been successfully deployed. <<1724703246176
restAPI>>DB1>>conn>>SUCCESS>>1724703287864
BIP9332I<<RestAPI 'restAPI' has been created successfully. <<1724703287864
BIP9326I<<The source 'restAPIproject.generated.bar' has been successfully deployed. <<1724703287864
restAPI>>DB1>>conn>>WARNING>>1724703494334
BIP9318E<<Request to 'PreSetupValidate' resource 'restAPI', 'restAPI' of type 'RestAPI' failed. <<1724703494334
BIP2497E<<(.postPost_Compute.CopyEntireMessage, 5.7) : Illegal data type for target. A list field reference is required. <<1724703494334
BIP9333W<<RestAPI 'restAPI' has been changed but contains errors which has prevented some resources from starting. <<1724703494334
BIP1096E<<The source 'restAPIproject.generated.bar' has been deployed but there were one or more failures which may mean the deployed resources will be unable to execute. <<1724703494334
restAPI>>DB1>>conn>>WARNING>>1724703578487
BIP9318E<<Request to 'PreSetupValidate' resource 'restAPI', 'restAPI' of type 'RestAPI' failed. <<1724703578487
BIP2497E<<(.postPost_Compute.CopyEntireMessage, 5.7) : Illegal data type for target. A list field reference is required. <<1724703578487
BIP9333W<<RestAPI 'restAPI' has been changed but contains errors which has prevented some resources from starting. <<1724703578487
BIP1096E<<The source 'restAPIproject.generated.bar' has been deployed but there were one or more failures which may mean the deployed resources will be unable to execute. <<1724703578487
restAPI>>DB1>>conn>>SUCCESS>>1724703628436
BIP9332I<<RestAPI 'restAPI' has been changed successfully. <<1724703628436
BIP9326I<<The source 'restAPIproject.generated.bar' has been successfully deployed. <<1724703628436
SoapExplore1>>r1>>rr1>>SUCCESS>>1724707842361
BIP9332I<<Application 'SoapExplore1' has been created successfully. <<1724707842361
BIP9326I<<The source 'SoapExplore1project.generated.bar' has been successfully deployed. <<1724707842361
SoapExplore2>>r1>>rr1>>SUCCESS>>1724707851434
BIP9332I<<Application 'SoapExplore2' has been created successfully. <<1724707851434
BIP9326I<<The source 'SoapExplore2project.generated.bar' has been successfully deployed. <<1724707851434
SoapExplore2>>r1>>rr1>>SUCCESS>>1724708001224
BIP9332I<<Application 'SoapExplore2' has been changed successfully. <<1724708001224
BIP9326I<<The source 'SoapExplore2project.generated.bar' has been successfully deployed. <<1724708001224
SoapExplore1>>r1>>rr1>>SUCCESS>>1724708013242
BIP9332I<<Application 'SoapExplore1' has been changed successfully. <<1724708013242
BIP9326I<<The source 'SoapExplore1project.generated.bar' has been successfully deployed. <<1724708013242
SoapExplore2>>r1>>rr1>>SUCCESS>>1724708023554
BIP9332I<<Application 'SoapExplore2' has been changed successfully. <<1724708023554
BIP9326I<<The source 'SoapExplore2project.generated.bar' has been successfully deployed. <<1724708023554
SoapExplore1>>r1>>rr1>>SUCCESS>>1724708129542
BIP9332I<<Application 'SoapExplore1' has been changed successfully. <<1724708129542
BIP9326I<<The source 'SoapExplore1project.generated.bar' has been successfully deployed. <<1724708129542
restAPI>>DB1>>conn>>SUCCESS>>1724709266898
BIP9332I<<RestAPI 'restAPI' has been changed successfully. <<1724709266898
BIP9326I<<The source 'restAPIproject.generated.bar' has been successfully deployed. <<1724709266898
restAPI>>DB1>>conn>>SUCCESS>>1724709621881
BIP9332I<<RestAPI 'restAPI' has been changed successfully. <<1724709621881
BIP9326I<<The source 'restAPIproject.generated.bar' has been successfully deployed. <<1724709621881
restAPI>>DB1>>conn>>SUCCESS>>1724709697560
BIP9332I<<RestAPI 'restAPI' has been changed successfully. <<1724709697560
BIP9326I<<The source 'restAPIproject.generated.bar' has been successfully deployed. <<1724709697560
restAPI>>DB1>>conn>>SUCCESS>>1724709764267
BIP9332I<<RestAPI 'restAPI' has been changed successfully. <<1724709764267
BIP9326I<<The source 'restAPIproject.generated.bar' has been successfully deployed. <<1724709764267
OpenApiRest>>DB1>>conn>>SUCCESS>>1724710582691
BIP9332I<<RestAPI 'OpenApiRest' has been created successfully. <<1724710582691
BIP9326I<<The source 'OpenApiRestproject.generated.bar' has been successfully deployed. <<1724710582691
OpenApiRest>>DB1>>conn>>SUCCESS>>1724714123741
BIP9332I<<RestAPI 'OpenApiRest' has been changed successfully. <<1724714123741
BIP9326I<<The source 'OpenApiRestproject.generated.bar' has been successfully deployed. <<1724714123741
OpenApiRest>>DB1>>conn>>SUCCESS>>1724714735463
BIP9332I<<RestAPI 'OpenApiRest' has been changed successfully. <<1724714735463
BIP9326I<<The source 'OpenApiRestproject.generated.bar' has been successfully deployed. <<1724714735463
OpenApiRest>>DB1>>conn>>SUCCESS>>1724714884640
BIP9332I<<RestAPI 'OpenApiRest' has been changed successfully. <<1724714884640
BIP9326I<<The source 'OpenApiRestproject.generated.bar' has been successfully deployed. <<1724714884640
OpenApiRest>>DB1>>conn>>WARNING>>1724717044173
BIP9318E<<Request to 'PreSetupValidate' resource 'OpenApiRest', 'OpenApiRest' of type 'RestAPI' failed. <<1724717044173
BIP2935E<<(.postSelect_Compute.CopyEntireMessage, 7.28) : An expression which evaluates to a scalar variable or a field is required here. <<1724717044173
BIP9333W<<RestAPI 'OpenApiRest' has been changed but contains errors which has prevented some resources from starting. <<1724717044173
BIP1096E<<The source 'OpenApiRestproject.generated.bar' has been deployed but there were one or more failures which may mean the deployed resources will be unable to execute. <<1724717044173
OpenApiRest>>DB1>>conn>>WARNING>>1724717151749
BIP9318E<<Request to 'PreSetupValidate' resource 'OpenApiRest', 'OpenApiRest' of type 'RestAPI' failed. <<1724717151749
BIP2935E<<(.postSelect_Compute.CopyEntireMessage, 7.28) : An expression which evaluates to a scalar variable or a field is required here. <<1724717151749
BIP9333W<<RestAPI 'OpenApiRest' has been changed but contains errors which has prevented some resources from starting. <<1724717151749
BIP1096E<<The source 'OpenApiRestproject.generated.bar' has been deployed but there were one or more failures which may mean the deployed resources will be unable to execute. <<1724717151749
OpenApiRest>>DB1>>conn>>WARNING>>1724717194040
BIP9318E<<Request to 'PreSetupValidate' resource 'OpenApiRest', 'OpenApiRest' of type 'RestAPI' failed. <<1724717194040
BIP2935E<<(.postSelect_Compute.CopyEntireMessage, 7.28) : An expression which evaluates to a scalar variable or a field is required here. <<1724717194040
BIP9333W<<RestAPI 'OpenApiRest' has been changed but contains errors which has prevented some resources from starting. <<1724717194040
BIP1096E<<The source 'OpenApiRestproject.generated.bar' has been deployed but there were one or more failures which may mean the deployed resources will be unable to execute. <<1724717194040
OpenApiRest>>DB1>>conn>>WARNING>>1724717227172
BIP9318E<<Request to 'PreSetupValidate' resource 'OpenApiRest', 'OpenApiRest' of type 'RestAPI' failed. <<1724717227172
BIP2935E<<(.postSelect_Compute.CopyEntireMessage, 7.28) : An expression which evaluates to a scalar variable or a field is required here. <<1724717227172
BIP9333W<<RestAPI 'OpenApiRest' has been changed but contains errors which has prevented some resources from starting. <<1724717227172
BIP1096E<<The source 'OpenApiRestproject.generated.bar' has been deployed but there were one or more failures which may mean the deployed resources will be unable to execute. <<1724717227172
OpenApiRest>>DB1>>conn>>WARNING>>1724716180145
BIP9318E<<Request to 'PreSetupValidate' resource 'OpenApiRest', 'OpenApiRest' of type 'RestAPI' failed. <<1724716180145
BIP2935E<<(.postSelect_Compute.CopyEntireMessage, 7.28) : An expression which evaluates to a scalar variable or a field is required here. <<1724716180145
BIP9333W<<RestAPI 'OpenApiRest' has been created but contains errors which has prevented some resources from starting. <<1724716180145
BIP1096E<<The source 'OpenApiRestproject.generated.bar' has been deployed but there were one or more failures which may mean the deployed resources will be unable to execute. <<1724716180145
OpenApiRest>>DB1>>conn>>WARNING>>1724716235110
BIP9318E<<Request to 'PreSetupValidate' resource 'OpenApiRest', 'OpenApiRest' of type 'RestAPI' failed. <<1724716235110
BIP2935E<<(.postSelect_Compute.CopyEntireMessage, 7.28) : An expression which evaluates to a scalar variable or a field is required here. <<1724716235110
BIP9333W<<RestAPI 'OpenApiRest' has been changed but contains errors which has prevented some resources from starting. <<1724716235110
BIP1096E<<The source 'OpenApiRestproject.generated.bar' has been deployed but there were one or more failures which may mean the deployed resources will be unable to execute. <<1724716235110
OpenApiRest>>DB1>>conn>>WARNING>>1724716343816
BIP9318E<<Request to 'PreSetupValidate' resource 'OpenApiRest', 'OpenApiRest' of type 'RestAPI' failed. <<1724716343816
BIP2935E<<(.postSelect_Compute.CopyEntireMessage, 7.28) : An expression which evaluates to a scalar variable or a field is required here. <<1724716343816
BIP9333W<<RestAPI 'OpenApiRest' has been changed but contains errors which has prevented some resources from starting. <<1724716343816
BIP1096E<<The source 'OpenApiRestproject.generated.bar' has been deployed but there were one or more failures which may mean the deployed resources will be unable to execute. <<1724716343816
OpenApiRest>>DB1>>conn>>WARNING>>1724716361497
BIP9318E<<Request to 'PreSetupValidate' resource 'OpenApiRest', 'OpenApiRest' of type 'RestAPI' failed. <<1724716361497
BIP2935E<<(.postSelect_Compute.CopyEntireMessage, 7.28) : An expression which evaluates to a scalar variable or a field is required here. <<1724716361497
BIP9333W<<RestAPI 'OpenApiRest' has been changed but contains errors which has prevented some resources from starting. <<1724716361497
BIP1096E<<The source 'OpenApiRestproject.generated.bar' has been deployed but there were one or more failures which may mean the deployed resources will be unable to execute. <<1724716361497
OpenApiRest>>DB1>>conn>>SUCCESS>>1724716408621
BIP9332I<<RestAPI 'OpenApiRest' has been changed successfully. <<1724716408621
BIP9326I<<The source 'OpenApiRestproject.generated.bar' has been successfully deployed. <<1724716408621
OpenApiRest>>DB1>>conn>>SUCCESS>>1724716449429
BIP9332I<<RestAPI 'OpenApiRest' has been changed successfully. <<1724716449429
BIP9326I<<The source 'OpenApiRestproject.generated.bar' has been successfully deployed. <<1724716449429
OpenApiRest>>DB1>>conn>>SUCCESS>>1724716480778
BIP9332I<<RestAPI 'OpenApiRest' has been changed successfully. <<1724716480778
BIP9326I<<The source 'OpenApiRestproject.generated.bar' has been successfully deployed. <<1724716480778
OpenApiRest>>DB1>>conn>>WARNING>>1724717027246
BIP4125E<<Failed to load ESQL file 'C:/ProgramData/IBM/MQSI/components/DB1/servers/conn/run/OpenApiRest/postSelect_Compute.esql'. <<1724717027246
BIP2406E<<(.postSelect_Compute.CopyEntireMessage, 12.25) : Syntax error : cannot specify '[]' in the middle of a field reference. <<1724717027246
BIP9320E<<Message Flow 'gen.OpenApiRest', 'gen.OpenApiRest' encountered a failure and could not start. <<1724717027246
BIP4001E<<Syntax error in SQL statements in node '{0}'. <<1724717027246
BIP4127E<<Failed to find ESQL module 'postSelect_Compute'. <<1724717027246
BIP9333W<<RestAPI 'OpenApiRest' has been changed but contains errors which has prevented some resources from starting. <<1724717027246
BIP1096E<<The source 'OpenApiRestproject.generated.bar' has been deployed but there were one or more failures which may mean the deployed resources will be unable to execute. <<1724717027246
OpenApiRest>>DB1>>conn>>SUCCESS>>1724717131168
BIP9332I<<RestAPI 'OpenApiRest' has been changed successfully. <<1724717131168
BIP9326I<<The source 'OpenApiRestproject.generated.bar' has been successfully deployed. <<1724717131168
OpenApiRest>>DB1>>conn>>SUCCESS>>1724717257798
BIP9332I<<RestAPI 'OpenApiRest' has been changed successfully. <<1724717257798
BIP9326I<<The source 'OpenApiRestproject.generated.bar' has been successfully deployed. <<1724717257798
restAPI>>DB1>>conn>>SUCCESS>>1724774957630
BIP9332I<<RestAPI 'restAPI' has been created successfully. <<1724774957630
BIP9326I<<The source 'restAPIproject.generated.bar' has been successfully deployed. <<1724774957630
restAPI>>DB1>>conn>>SUCCESS>>1724775871908
BIP9332I<<RestAPI 'restAPI' has been changed successfully. <<1724775871908
BIP9326I<<The source 'restAPIproject.generated.bar' has been successfully deployed. <<1724775871908
restAPI>>DB1>>conn>>SUCCESS>>1724776409119
BIP9332I<<RestAPI 'restAPI' has been changed successfully. <<1724776409119
BIP9326I<<The source 'restAPIproject.generated.bar' has been successfully deployed. <<1724776409119
