
==============================================

!Wed Dec 11 05:34:25 IST 2024

Processing file MIME_Header\sfhefgj.msgflow.
Successfully added file MIME_Header\sfhefgj.msgflow to BAR file.

==============================================

!Wed Dec 11 05:34:25 IST 2024

Processing file MIME_Header\Swagger-Petstore---OpenAPI-3_0.json.
Successfully added file MIME_Header\Swagger-Petstore---OpenAPI-3_0.json to BAR file.
Elapsed time: 0 second(s).

Successfully added file MIME_Header\Swagger-Petstore---OpenAPI-3_0.json to BAR file.

==============================================

!Wed Dec 11 05:34:25 IST 2024

Processing file MIME_Header\application.descriptor.
Successfully added file MIME_Header\application.descriptor to BAR file.
Elapsed time: 0 second(s).

Successfully added file MIME_Header\application.descriptor to BAR file.

==============================================

!Wed Dec 11 05:34:25 IST 2024

Processing file MIME_Header\application.descriptor.
Successfully added file MIME_Header\application.descriptor to BAR file.
Elapsed time: 0 second(s).

Successfully added file MIME_Header\application.descriptor to BAR file.

==============================================

!Wed Dec 11 05:34:25 IST 2024

Processing file MIME_Header\openapi.json.
Successfully added file MIME_Header\openapi.json to BAR file.
Elapsed time: 0 second(s).

Successfully added file MIME_Header\openapi.json to BAR file.

==============================================

!Wed Dec 11 05:34:25 IST 2024

Processing file MIME_Header\sfhefgj_Compute.esql.
Successfully added file MIME_Header\sfhefgj_Compute.esql to BAR file.

==============================================

!Wed Dec 11 05:34:25 IST 2024

Processing file MIME_Header\sfhefgj_Compute1.esql.
Successfully added file MIME_Header\sfhefgj_Compute1.esql to BAR file.
