Rowter_Flow>>override2>>over1>>SUCCESS>>1729761852882
BIP9332I<<Application 'Rowter_Flow' has been created successfully. <<1729761852882
BIP9326I<<The source 'Rowter_Flowproject.generated.bar' has been successfully deployed. <<1729761852882
Rowter_Flow>>override2>>over1>>SUCCESS>>1729762152580
BIP9332I<<Application 'Rowter_Flow' has been created successfully. <<1729762152580
BIP9326I<<The source 'Rowter_Flowproject.generated.bar' has been successfully deployed. <<1729762152580
Rowter_Flow>>override2>>over1>>SUCCESS>>1729762584914
BIP9332I<<Application 'Rowter_Flow' has been created successfully. <<1729762584914
BIP9326I<<The source 'Rowter_Flowproject.generated.bar' has been successfully deployed. <<1729762584914
Rowter_Flow>>override2>>over1>>SUCCESS>>1729762622150
BIP9332I<<Application 'Rowter_Flow' has been changed successfully. <<1729762622150
BIP9326I<<The source 'Rowter_Flowproject.generated.bar' has been successfully deployed. <<1729762622150
Rowter_Flow>>DB1>>conn>>SUCCESS>>1729762953501
BIP9332I<<Application 'Rowter_Flow' has been created successfully. <<1729762953501
BIP9326I<<The source 'Rowter_Flowproject.generated.bar' has been successfully deployed. <<1729762953501
Rowter_Flow>>DB1>>conn>>SUCCESS>>1729763299382
BIP9332I<<Application 'Rowter_Flow' has been changed successfully. <<1729763299382
BIP9326I<<The source 'Rowter_Flowproject.generated.bar' has been successfully deployed. <<1729763299382
Rowter_Flow>>DB1>>conn>>SUCCESS>>1729763325652
BIP9332I<<Application 'Rowter_Flow' has been changed successfully. <<1729763325652
BIP9326I<<The source 'Rowter_Flowproject.generated.bar' has been successfully deployed. <<1729763325652
Rowter_Flow>>DB1>>conn>>SUCCESS>>1729764878978
BIP9332I<<Application 'Rowter_Flow' has been changed successfully. <<1729764878978
BIP9326I<<The source 'Rowter_Flowproject.generated.bar' has been successfully deployed. <<1729764878978
Rowter_Flow>>DB1>>conn>>SUCCESS>>1729764891033
BIP9332I<<Application 'Rowter_Flow' has been changed successfully. <<1729764891033
BIP9326I<<The source 'Rowter_Flowproject.generated.bar' has been successfully deployed. <<1729764891033
Rowter_Flow>>DB1>>conn>>SUCCESS>>1729765086930
BIP9332I<<Application 'Rowter_Flow' has been changed successfully. <<1729765086930
BIP9326I<<The source 'Rowter_Flowproject.generated.bar' has been successfully deployed. <<1729765086930
Rowter_Flow>>DB1>>conn>>SUCCESS>>1729765123575
BIP9332I<<Application 'Rowter_Flow' has been changed successfully. <<1729765123575
BIP9326I<<The source 'Rowter_Flowproject.generated.bar' has been successfully deployed. <<1729765123575
Rowter_Flow>>DB1>>conn>>SUCCESS>>1729766094686
BIP9332I<<Application 'Rowter_Flow' has been changed successfully. <<1729766094686
BIP9326I<<The source 'Rowter_Flowproject.generated.bar' has been successfully deployed. <<1729766094686
Rowter_Flow>>DB1>>conn>>SUCCESS>>1729766164185
BIP9332I<<Application 'Rowter_Flow' has been changed successfully. <<1729766164185
BIP9326I<<The source 'Rowter_Flowproject.generated.bar' has been successfully deployed. <<1729766164185
Rowter_Flow>>DB1>>conn>>SUCCESS>>1729766232388
BIP9332I<<Application 'Rowter_Flow' has been changed successfully. <<1729766232388
BIP9326I<<The source 'Rowter_Flowproject.generated.bar' has been successfully deployed. <<1729766232388
Rowter_Flow>>DB1>>conn>>WARNING>>1729766350348
BIP9318E<<Request to 'PreSetupValidate' resource 'Rowter_Flow', 'Rowter_Flow' of type 'Application' failed. <<1729766350348
BIP2597E<<(.Router_Flow_Mf_Compute.CopyEntireMessage, 17.15) : An expression which evaluates to a scalar value is required here. <<1729766350348
BIP9333W<<Application 'Rowter_Flow' has been changed but contains errors which has prevented some resources from starting. <<1729766350348
BIP1096E<<The source 'Rowter_Flowproject.generated.bar' has been deployed but there were one or more failures which may mean the deployed resources will be unable to execute. <<1729766350348
Rowter_Flow>>DB1>>conn>>SUCCESS>>1729766465861
BIP9332I<<Application 'Rowter_Flow' has been changed successfully. <<1729766465861
BIP9326I<<The source 'Rowter_Flowproject.generated.bar' has been successfully deployed. <<1729766465861
Rowter_Flow>>DB1>>conn>>WARNING>>1729766522513
BIP9318E<<Request to 'PreSetupValidate' resource 'Rowter_Flow', 'Rowter_Flow' of type 'Application' failed. <<1729766522513
BIP2432E<<(.Router_Flow_Mf_Compute.CopyEntireMessage, 18.21) : The correlation name 'res.SERVICE_URL' is not valid. Those in scope are: Environment, InputLocalEnvironment, OutputLocalEnvironment, InputRoot, InputBody, InputProperties, OutputRoot, InputExceptionList, OutputExceptionList, InputDestinationList, OutputDestinationList, Service_Url, Service_Code, r, query. <<1729766522513
BIP9333W<<Application 'Rowter_Flow' has been changed but contains errors which has prevented some resources from starting. <<1729766522513
BIP1096E<<The source 'Rowter_Flowproject.generated.bar' has been deployed but there were one or more failures which may mean the deployed resources will be unable to execute. <<1729766522513
Rowter_Flow>>DB1>>conn>>SUCCESS>>1729766565345
BIP9332I<<Application 'Rowter_Flow' has been changed successfully. <<1729766565345
BIP9326I<<The source 'Rowter_Flowproject.generated.bar' has been successfully deployed. <<1729766565345
Rowter_Flow>>DB1>>conn>>SUCCESS>>1729766609516
BIP9332I<<Application 'Rowter_Flow' has been changed successfully. <<1729766609516
BIP9326I<<The source 'Rowter_Flowproject.generated.bar' has been successfully deployed. <<1729766609516
Rowter_Flow>>DB1>>conn>>SUCCESS>>1729777192086
BIP9332I<<Application 'Rowter_Flow' has been created successfully. <<1729777192086
BIP9326I<<The source 'Rowter_Flowproject.generated.bar' has been successfully deployed. <<1729777192086
Rowter_Flow>>task>>task>>SUCCESS>>1729777619489
BIP9332I<<Application 'Rowter_Flow' has been created successfully. <<1729777619489
BIP9326I<<The source 'Rowter_Flowproject.generated.bar' has been successfully deployed. <<1729777619489
Rowter_Flow>>task>>task>>SUCCESS>>1729831082653
BIP9332I<<Application 'Rowter_Flow' has been changed successfully. <<1729831082653
BIP9326I<<The source 'Rowter_Flowproject.generated.bar' has been successfully deployed. <<1729831082653
Rowter_Flow>>task>>task>>SUCCESS>>1729831597220
BIP9332I<<Application 'Rowter_Flow' has been changed successfully. <<1729831597220
BIP9326I<<The source 'Rowter_Flowproject.generated.bar' has been successfully deployed. <<1729831597220
Rowter_Flow>>task>>task>>SUCCESS>>1729831645564
BIP9332I<<Application 'Rowter_Flow' has been changed successfully. <<1729831645564
BIP9326I<<The source 'Rowter_Flowproject.generated.bar' has been successfully deployed. <<1729831645564
Rowter_Flow>>task>>task>>SUCCESS>>1729831704021
BIP9332I<<Application 'Rowter_Flow' has been changed successfully. <<1729831704021
BIP9326I<<The source 'Rowter_Flowproject.generated.bar' has been successfully deployed. <<1729831704021
Rowter_Flow>>task>>task>>SUCCESS>>1729831844545
BIP9332I<<Application 'Rowter_Flow' has been changed successfully. <<1729831844545
BIP9326I<<The source 'Rowter_Flowproject.generated.bar' has been successfully deployed. <<1729831844545
Rowter_Flow>>task>>task>>SUCCESS>>1729831878624
BIP9332I<<Application 'Rowter_Flow' has been changed successfully. <<1729831878624
BIP9326I<<The source 'Rowter_Flowproject.generated.bar' has been successfully deployed. <<1729831878624
Rowter_Flow>>task>>task>>SUCCESS>>1729831941676
BIP9332I<<Application 'Rowter_Flow' has been changed successfully. <<1729831941676
BIP9326I<<The source 'Rowter_Flowproject.generated.bar' has been successfully deployed. <<1729831941676
Rowter_Flow>>task>>task>>SUCCESS>>1729832106465
BIP9332I<<Application 'Rowter_Flow' has been changed successfully. <<1729832106465
BIP9326I<<The source 'Rowter_Flowproject.generated.bar' has been successfully deployed. <<1729832106465
Rowter_Flow>>task>>task>>SUCCESS>>1729832681066
BIP9332I<<Application 'Rowter_Flow' has been changed successfully. <<1729832681066
BIP9326I<<The source 'Rowter_Flowproject.generated.bar' has been successfully deployed. <<1729832681066
Rowter_Flow>>task>>task>>SUCCESS>>1729832752621
BIP9332I<<Application 'Rowter_Flow' has been changed successfully. <<1729832752621
BIP9326I<<The source 'Rowter_Flowproject.generated.bar' has been successfully deployed. <<1729832752621
Rowter_Flow>>task>>task>>SUCCESS>>1729832786896
BIP9332I<<Application 'Rowter_Flow' has been changed successfully. <<1729832786896
BIP9326I<<The source 'Rowter_Flowproject.generated.bar' has been successfully deployed. <<1729832786896
Rowter_Flow>>task>>task>>WARNING>>1729833233649
BIP9318E<<Request to 'PreSetupValidate' resource 'Rowter_Flow', 'Rowter_Flow' of type 'Application' failed. <<1729833233649
BIP2494E<<(.Router_Flow_Mf_Compute.CopyEntireMessage, 44.10) : Illegal type for parameter '1' of the function 'LASTMOVE'. A reference to a variable of type 'REFERENCE' is required. <<1729833233649
BIP9333W<<Application 'Rowter_Flow' has been changed but contains errors which has prevented some resources from starting. <<1729833233649
BIP1096E<<The source 'Rowter_Flowproject.generated.bar' has been deployed but there were one or more failures which may mean the deployed resources will be unable to execute. <<1729833233649
Rowter_Flow>>task>>task>>WARNING>>1729833289624
BIP9318E<<Request to 'PreSetupValidate' resource 'Rowter_Flow', 'Rowter_Flow' of type 'Application' failed. <<1729833289624
BIP2494E<<(.Router_Flow_Mf_Compute.CopyEntireMessage, 44.10) : Illegal type for parameter '1' of the function 'LASTMOVE'. A reference to a variable of type 'REFERENCE' is required. <<1729833289624
BIP9333W<<Application 'Rowter_Flow' has been changed but contains errors which has prevented some resources from starting. <<1729833289624
BIP1096E<<The source 'Rowter_Flowproject.generated.bar' has been deployed but there were one or more failures which may mean the deployed resources will be unable to execute. <<1729833289624
Rowter_Flow>>task>>task>>SUCCESS>>1729833409174
BIP9332I<<Application 'Rowter_Flow' has been changed successfully. <<1729833409174
BIP9326I<<The source 'Rowter_Flowproject.generated.bar' has been successfully deployed. <<1729833409174
Rowter_Flow>>task>>task>>SUCCESS>>1729833454701
BIP9332I<<Application 'Rowter_Flow' has been changed successfully. <<1729833454701
BIP9326I<<The source 'Rowter_Flowproject.generated.bar' has been successfully deployed. <<1729833454701
Rowter_Flow>>task>>task>>SUCCESS>>1729833505220
BIP9332I<<Application 'Rowter_Flow' has been changed successfully. <<1729833505220
BIP9326I<<The source 'Rowter_Flowproject.generated.bar' has been successfully deployed. <<1729833505220
Rowter_Flow>>task>>task>>SUCCESS>>1729833653472
BIP9332I<<Application 'Rowter_Flow' has been changed successfully. <<1729833653472
BIP9326I<<The source 'Rowter_Flowproject.generated.bar' has been successfully deployed. <<1729833653472
Rowter_Flow>>task>>task>>SUCCESS>>1729833674233
BIP9332I<<Application 'Rowter_Flow' has been changed successfully. <<1729833674233
BIP9326I<<The source 'Rowter_Flowproject.generated.bar' has been successfully deployed. <<1729833674233
Rowter_Flow>>task>>task>>SUCCESS>>1729833775515
BIP9332I<<Application 'Rowter_Flow' has been changed successfully. <<1729833775515
BIP9326I<<The source 'Rowter_Flowproject.generated.bar' has been successfully deployed. <<1729833775515
Rowter_Flow>>task>>task>>SUCCESS>>1729833943541
BIP9332I<<Application 'Rowter_Flow' has been changed successfully. <<1729833943541
BIP9326I<<The source 'Rowter_Flowproject.generated.bar' has been successfully deployed. <<1729833943541
Rowter_Flow>>task>>task>>SUCCESS>>1729834076077
BIP9332I<<Application 'Rowter_Flow' has been changed successfully. <<1729834076077
BIP9326I<<The source 'Rowter_Flowproject.generated.bar' has been successfully deployed. <<1729834076077
Rowter_Flow>>task>>task>>WARNING>>1729837867486
BIP9320E<<Message Flow 'test_flow', 'test_flow' encountered a failure and could not start. <<1729837867486
BIP4001E<<Syntax error in SQL statements in node '{0}'. <<1729837867486
BIP4055E<<(.external_var, 1.1) : User defined attribute must specify an initial value expression. <<1729837867486
BIP9333W<<Application 'Rowter_Flow' has been changed but contains errors which has prevented some resources from starting. <<1729837867486
BIP1096E<<The source 'Rowter_Flowproject.generated.bar' has been deployed but there were one or more failures which may mean the deployed resources will be unable to execute. <<1729837867486
Rowter_Flow>>task>>task>>WARNING>>1729837995262
BIP9320E<<Message Flow 'test_flow', 'test_flow' encountered a failure and could not start. <<1729837995262
BIP4001E<<Syntax error in SQL statements in node '{0}'. <<1729837995262
BIP4055E<<(.external_var, 1.1) : User defined attribute must specify an initial value expression. <<1729837995262
BIP9333W<<Application 'Rowter_Flow' has been changed but contains errors which has prevented some resources from starting. <<1729837995262
BIP1096E<<The source 'Rowter_Flowproject.generated.bar' has been deployed but there were one or more failures which may mean the deployed resources will be unable to execute. <<1729837995262
Rowter_Flow>>task>>task>>WARNING>>1729838596027
BIP9320E<<Message Flow 'test_flow', 'test_flow' encountered a failure and could not start. <<1729838596027
BIP4001E<<Syntax error in SQL statements in node '{0}'. <<1729838596027
BIP4055E<<(.external_var, 1.1) : User defined attribute must specify an initial value expression. <<1729838596027
BIP9333W<<Application 'Rowter_Flow' has been created but contains errors which has prevented some resources from starting. <<1729838596027
BIP1096E<<The source 'Rowter_Flowproject.generated.bar' has been deployed but there were one or more failures which may mean the deployed resources will be unable to execute. <<1729838596027
Rowter_Flow>>task>>task>>WARNING>>1729838647171
BIP9320E<<Message Flow 'test_flow', 'test_flow' encountered a failure and could not start. <<1729838647171
BIP4001E<<Syntax error in SQL statements in node '{0}'. <<1729838647171
BIP4055E<<(.external_var, 1.1) : User defined attribute must specify an initial value expression. <<1729838647171
BIP9333W<<Application 'Rowter_Flow' has been changed but contains errors which has prevented some resources from starting. <<1729838647171
BIP1096E<<The source 'Rowter_Flowproject.generated.bar' has been deployed but there were one or more failures which may mean the deployed resources will be unable to execute. <<1729838647171
Rowter_Flow>>task>>task>>WARNING>>1729838685590
BIP9320E<<Message Flow 'test_flow', 'test_flow' encountered a failure and could not start. <<1729838685590
BIP4001E<<Syntax error in SQL statements in node '{0}'. <<1729838685590
BIP4055E<<(.external_var, 1.1) : User defined attribute must specify an initial value expression. <<1729838685590
BIP9333W<<Application 'Rowter_Flow' has been changed but contains errors which has prevented some resources from starting. <<1729838685590
BIP1096E<<The source 'Rowter_Flowproject.generated.bar' has been deployed but there were one or more failures which may mean the deployed resources will be unable to execute. <<1729838685590
Rowter_Flow>>task>>task>>SUCCESS>>1729838705670
BIP9332I<<Application 'Rowter_Flow' has been changed successfully. <<1729838705670
BIP9326I<<The source 'Rowter_Flowproject.generated.bar' has been successfully deployed. <<1729838705670
Rowter_Flow>>task>>task>>SUCCESS>>1729839191087
BIP9332I<<Application 'Rowter_Flow' has been changed successfully. <<1729839191087
BIP9326I<<The source 'Rowter_Flowproject.generated.bar' has been successfully deployed. <<1729839191087
Rowter_Flow>>task>>task>>SUCCESS>>1729839410131
BIP9332I<<Application 'Rowter_Flow' has been changed successfully. <<1729839410131
BIP9326I<<The source 'Rowter_Flowproject.generated.bar' has been successfully deployed. <<1729839410131
Rowter_Flow>>task>>task>>SUCCESS>>1729839707130
BIP9332I<<Application 'Rowter_Flow' has been changed successfully. <<1729839707130
BIP9326I<<The source 'Rowter_Flowproject.generated.bar' has been successfully deployed. <<1729839707130
Rowter_Flow>>task>>task>>SUCCESS>>1729839870783
BIP9332I<<Application 'Rowter_Flow' has been changed successfully. <<1729839870783
BIP9326I<<The source 'Rowter_Flowproject.generated.bar' has been successfully deployed. <<1729839870783
Rowter_Flow>>task>>task>>SUCCESS>>1729839959506
BIP9332I<<Application 'Rowter_Flow' has been changed successfully. <<1729839959506
BIP9326I<<The source 'Rowter_Flowproject.generated.bar' has been successfully deployed. <<1729839959506
Rowter_Flow>>task>>task>>SUCCESS>>1729840429271
BIP9332I<<Application 'Rowter_Flow' has been changed successfully. <<1729840429271
BIP9326I<<The source 'Rowter_Flowproject.generated.bar' has been successfully deployed. <<1729840429271
Rowter_Flow>>task>>task>>SUCCESS>>1729840853557
BIP9332I<<Application 'Rowter_Flow' has been changed successfully. <<1729840853557
BIP9326I<<The source 'Rowter_Flowproject.generated.bar' has been successfully deployed. <<1729840853557
Rowter_Flow>>task>>task>>SUCCESS>>1729840946723
BIP9332I<<Application 'Rowter_Flow' has been changed successfully. <<1729840946723
BIP9326I<<The source 'Rowter_Flowproject.generated.bar' has been successfully deployed. <<1729840946723
Rowter_Flow>>task>>task>>SUCCESS>>1729841164440
BIP9332I<<Application 'Rowter_Flow' has been changed successfully. <<1729841164440
BIP9326I<<The source 'Rowter_Flowproject.generated.bar' has been successfully deployed. <<1729841164440
Rowter_Flow>>task>>task>>SUCCESS>>1729841353135
BIP9332I<<Application 'Rowter_Flow' has been changed successfully. <<1729841353135
BIP9326I<<The source 'Rowter_Flowproject.generated.bar' has been successfully deployed. <<1729841353135
Rowter_Flow>>task>>task>>SUCCESS>>1729841395373
BIP9332I<<Application 'Rowter_Flow' has been changed successfully. <<1729841395373
BIP9326I<<The source 'Rowter_Flowproject.generated.bar' has been successfully deployed. <<1729841395373
Rowter_Flow>>task>>task>>SUCCESS>>1729841551926
BIP9332I<<Application 'Rowter_Flow' has been changed successfully. <<1729841551926
BIP9326I<<The source 'Rowter_Flowproject.generated.bar' has been successfully deployed. <<1729841551926
Rowter_Flow>>task>>task>>SUCCESS>>1729845029202
BIP9332I<<Application 'Rowter_Flow' has been changed successfully. <<1729845029202
BIP9326I<<The source 'Rowter_Flowproject.generated.bar' has been successfully deployed. <<1729845029202
Rowter_Flow>>task>>task>>SUCCESS>>1729846051433
BIP9332I<<Application 'Rowter_Flow' has been changed successfully. <<1729846051433
BIP9326I<<The source 'Rowter_Flowproject.generated.bar' has been successfully deployed. <<1729846051433
Rowter_Flow>>task>>task>>SUCCESS>>1729846092774
BIP9332I<<Application 'Rowter_Flow' has been changed successfully. <<1729846092774
BIP9326I<<The source 'Rowter_Flowproject.generated.bar' has been successfully deployed. <<1729846092774
Rowter_Flow>>task>>task>>SUCCESS>>1729846196224
BIP9332I<<Application 'Rowter_Flow' has been changed successfully. <<1729846196224
BIP9326I<<The source 'Rowter_Flowproject.generated.bar' has been successfully deployed. <<1729846196224
Rowter_Flow>>task>>task>>SUCCESS>>1729846393769
BIP9332I<<Application 'Rowter_Flow' has been changed successfully. <<1729846393769
BIP9326I<<The source 'Rowter_Flowproject.generated.bar' has been successfully deployed. <<1729846393769
Rowter_Flow>>task>>task>>SUCCESS>>1729846487137
BIP9332I<<Application 'Rowter_Flow' has been changed successfully. <<1729846487137
BIP9326I<<The source 'Rowter_Flowproject.generated.bar' has been successfully deployed. <<1729846487137
Rowter_Flow>>task>>task>>SUCCESS>>1729846711098
BIP9332I<<Application 'Rowter_Flow' has been changed successfully. <<1729846711098
BIP9326I<<The source 'Rowter_Flowproject.generated.bar' has been successfully deployed. <<1729846711098
Rowter_Flow>>task>>task>>SUCCESS>>1729846759221
BIP9332I<<Application 'Rowter_Flow' has been changed successfully. <<1729846759221
BIP9326I<<The source 'Rowter_Flowproject.generated.bar' has been successfully deployed. <<1729846759221
Rowter_Flow>>task>>task>>SUCCESS>>1729847411078
BIP9332I<<Application 'Rowter_Flow' has been changed successfully. <<1729847411078
BIP9326I<<The source 'Rowter_Flowproject.generated.bar' has been successfully deployed. <<1729847411078
Rowter_Flow>>task>>task>>SUCCESS>>1729847601721
BIP9332I<<Application 'Rowter_Flow' has been changed successfully. <<1729847601721
BIP9326I<<The source 'Rowter_Flowproject.generated.bar' has been successfully deployed. <<1729847601721
Exception_handling>>task>>task>>SUCCESS>>1730092128239
BIP9332I<<SharedLibrary 'Exception_handling' has been created successfully. <<1730092128239
BIP9326I<<The source 'Exception_handlingproject.generated.bar' has been successfully deployed. <<1730092128239
Business_Flow_Services>>task>>task>>SUCCESS>>1730092425664
BIP9332I<<Application 'Business_Flow_Services' has been created successfully. <<1730092425664
BIP9332I<<SharedLibrary 'Exception_handling' has been changed successfully. <<1730092425664
BIP9326I<<The source 'Business_Flow_Servicesproject.generated.bar' has been successfully deployed. <<1730092425664
Business_Flow_Services>>task>>task>>SUCCESS>>1730092724182
BIP9332I<<Application 'Business_Flow_Services' has been changed successfully. <<1730092724182
BIP9332I<<SharedLibrary 'Exception_handling' has been changed successfully. <<1730092724182
BIP9326I<<The source 'Business_Flow_Servicesproject.generated.bar' has been successfully deployed. <<1730092724182
Business_Flow_Services>>task>>task>>SUCCESS>>1730095100947
BIP9332I<<Application 'Business_Flow_Services' has been changed successfully. <<1730095100947
BIP9332I<<SharedLibrary 'Exception_handling' has been changed successfully. <<1730095100947
BIP9326I<<The source 'Business_Flow_Servicesproject.generated.bar' has been successfully deployed. <<1730095100947
Business_Flow_Services>>task>>task>>SUCCESS>>1730095491723
BIP9332I<<Application 'Business_Flow_Services' has been changed successfully. <<1730095491723
BIP9332I<<SharedLibrary 'Exception_handling' has been changed successfully. <<1730095491723
BIP9326I<<The source 'Business_Flow_Servicesproject.generated.bar' has been successfully deployed. <<1730095491723
Business_Flow_Services>>task>>task>>SUCCESS>>1730095814037
BIP9332I<<Application 'Business_Flow_Services' has been changed successfully. <<1730095814037
BIP9332I<<SharedLibrary 'Exception_handling' has been changed successfully. <<1730095814037
BIP9326I<<The source 'Business_Flow_Servicesproject.generated.bar' has been successfully deployed. <<1730095814037
Rowter_Flow>>task>>task>>SUCCESS>>1730096038063
BIP9332I<<Application 'Rowter_Flow' has been created successfully. <<1730096038063
BIP9326I<<The source 'Rowter_Flowproject.generated.bar' has been successfully deployed. <<1730096038063
Rowter_Flow>>task>>task>>SUCCESS>>1730096125162
BIP9332I<<Application 'Rowter_Flow' has been changed successfully. <<1730096125162
BIP9326I<<The source 'Rowter_Flowproject.generated.bar' has been successfully deployed. <<1730096125162
Business_Flow_Services>>task>>task>>SUCCESS>>1730096195013
BIP9332I<<Application 'Business_Flow_Services' has been changed successfully. <<1730096195013
BIP9332I<<SharedLibrary 'Exception_handling' has been changed successfully. <<1730096195013
BIP9326I<<The source 'Business_Flow_Servicesproject.generated.bar' has been successfully deployed. <<1730096195013
Business_Flow_Services>>task>>task>>SUCCESS>>1730096207183
BIP9332I<<Application 'Business_Flow_Services' has been changed successfully. <<1730096207183
BIP9332I<<SharedLibrary 'Exception_handling' has been changed successfully. <<1730096207183
BIP9326I<<The source 'Business_Flow_Servicesproject.generated.bar' has been successfully deployed. <<1730096207183
Business_Flow_Services>>task>>task>>SUCCESS>>1730096507356
BIP9332I<<Application 'Business_Flow_Services' has been changed successfully. <<1730096507356
BIP9332I<<SharedLibrary 'Exception_handling' has been changed successfully. <<1730096507356
BIP9326I<<The source 'Business_Flow_Servicesproject.generated.bar' has been successfully deployed. <<1730096507356
Business_Flow_Services>>task>>task>>SUCCESS>>1730096588280
BIP9332I<<Application 'Business_Flow_Services' has been changed successfully. <<1730096588280
BIP9332I<<SharedLibrary 'Exception_handling' has been changed successfully. <<1730096588280
BIP9326I<<The source 'Business_Flow_Servicesproject.generated.bar' has been successfully deployed. <<1730096588280
Business_Flow_Services>>task>>task>>SUCCESS>>1730096615258
BIP9332I<<Application 'Business_Flow_Services' has been changed successfully. <<1730096615258
BIP9332I<<SharedLibrary 'Exception_handling' has been changed successfully. <<1730096615258
BIP9326I<<The source 'Business_Flow_Servicesproject.generated.bar' has been successfully deployed. <<1730096615258
Business_Flow_Services>>task>>task>>WARNING>>1730098477964
BIP9318E<<Request to 'PreSetupValidate' resource 'Business_Flow_Services', 'Business_Flow_Services' of type 'Application' failed. <<1730098477964
BIP2490E<<(.Service_ListCardDetails_Compute.CopyEntireMessage, 8.6) : Illegal data type for parameter '1' of statement, function or operator 'LENGTH'. Valid types are 'CHARACTER BLOB BIT'. <<1730098477964
BIP9333W<<Application 'Business_Flow_Services' has been changed but contains errors which has prevented some resources from starting. <<1730098477964
BIP1096E<<The source 'Business_Flow_Servicesproject.generated.bar' has been deployed but there were one or more failures which may mean the deployed resources will be unable to execute. <<1730098477964
Business_Flow_Services>>task>>task>>SUCCESS>>1730098504448
BIP9332I<<Application 'Business_Flow_Services' has been changed successfully. <<1730098504448
BIP9326I<<The source 'Business_Flow_Servicesproject.generated.bar' has been successfully deployed. <<1730098504448
Business_Flow_Services>>task>>task>>SUCCESS>>1730098807778
BIP9332I<<Application 'Business_Flow_Services' has been changed successfully. <<1730098807778
BIP9326I<<The source 'Business_Flow_Servicesproject.generated.bar' has been successfully deployed. <<1730098807778
Business_Flow_Services>>task>>task>>SUCCESS>>1730098822634
BIP9332I<<Application 'Business_Flow_Services' has been changed successfully. <<1730098822634
BIP9326I<<The source 'Business_Flow_Servicesproject.generated.bar' has been successfully deployed. <<1730098822634
Business_Flow_Services>>task>>task>>SUCCESS>>1730098890794
BIP9332I<<Application 'Business_Flow_Services' has been changed successfully. <<1730098890794
BIP9326I<<The source 'Business_Flow_Servicesproject.generated.bar' has been successfully deployed. <<1730098890794
Business_Flow_Services>>task>>task>>SUCCESS>>1730099381955
BIP9332I<<Application 'Business_Flow_Services' has been changed successfully. <<1730099381955
BIP9326I<<The source 'Business_Flow_Servicesproject.generated.bar' has been successfully deployed. <<1730099381955
Business_Flow_Services>>task>>task>>WARNING>>1730099503583
BIP1239E<<Application 'Business_Flow_Services' references shared library 'Exception_handling', which is not deployed to the integration server. <<1730099503583
BIP1360E<<Message flow node 'Exception_Handling', 'Service_ListCardDetails#FCMComposite_1_4' in message flow 'Service_ListCardDetails' in Application 'Business_Flow_Services' requires subflow 'Exception_handling/Exception_Handling.subflow' which is not deployed. <<1730099503583
BIP1096E<<The source 'Business_Flow_Servicesproject.generated.bar' has been deployed but there were one or more failures which may mean the deployed resources will be unable to execute. <<1730099503583
Exception_handling>>task>>task>>SUCCESS>>1730099521796
BIP9332I<<SharedLibrary 'Exception_handling' has been created successfully. <<1730099521796
BIP9332I<<Application 'Business_Flow_Services' has been reloaded successfully. <<1730099521796
BIP9326I<<The source 'Exception_handlingproject.generated.bar' has been successfully deployed. <<1730099521796
Business_Flow_Services>>task>>task>>SUCCESS>>1730099521964
BIP9332I<<Application 'Business_Flow_Services' has been changed successfully. <<1730099521964
BIP9326I<<The source 'Business_Flow_Servicesproject.generated.bar' has been successfully deployed. <<1730099521964
Exception_handling>>task>>task>>SUCCESS>>1730099642837
BIP9332I<<SharedLibrary 'Exception_handling' has been changed successfully. <<1730099642837
BIP9332I<<Application 'Business_Flow_Services' has been reloaded successfully. <<1730099642837
BIP9326I<<The source 'Exception_handlingproject.generated.bar' has been successfully deployed. <<1730099642837
Exception_handling>>task>>task>>SUCCESS>>1730099842508
BIP9332I<<SharedLibrary 'Exception_handling' has been changed successfully. <<1730099842508
BIP9332I<<Application 'Business_Flow_Services' has been reloaded successfully. <<1730099842508
BIP9326I<<The source 'Exception_handlingproject.generated.bar' has been successfully deployed. <<1730099842508
Exception_handling>>task>>task>>SUCCESS>>1730099883574
BIP9332I<<SharedLibrary 'Exception_handling' has been changed successfully. <<1730099883574
BIP9332I<<Application 'Business_Flow_Services' has been reloaded successfully. <<1730099883574
BIP9326I<<The source 'Exception_handlingproject.generated.bar' has been successfully deployed. <<1730099883574
Exception_handling>>task>>task>>SUCCESS>>1730100049532
BIP9332I<<SharedLibrary 'Exception_handling' has been changed successfully. <<1730100049532
BIP9332I<<Application 'Business_Flow_Services' has been reloaded successfully. <<1730100049532
BIP9326I<<The source 'Exception_handlingproject.generated.bar' has been successfully deployed. <<1730100049532
Exception_handling>>task>>task>>SUCCESS>>1730100073628
BIP9332I<<SharedLibrary 'Exception_handling' has been changed successfully. <<1730100073628
BIP9332I<<Application 'Business_Flow_Services' has been reloaded successfully. <<1730100073628
BIP9326I<<The source 'Exception_handlingproject.generated.bar' has been successfully deployed. <<1730100073628
Exception_handling>>task>>task>>SUCCESS>>1730100137686
BIP9332I<<SharedLibrary 'Exception_handling' has been changed successfully. <<1730100137686
BIP9332I<<Application 'Business_Flow_Services' has been reloaded successfully. <<1730100137686
BIP9326I<<The source 'Exception_handlingproject.generated.bar' has been successfully deployed. <<1730100137686
Exception_handling>>task>>task>>SUCCESS>>1730100190224
BIP9332I<<SharedLibrary 'Exception_handling' has been changed successfully. <<1730100190224
BIP9332I<<Application 'Business_Flow_Services' has been reloaded successfully. <<1730100190224
BIP9326I<<The source 'Exception_handlingproject.generated.bar' has been successfully deployed. <<1730100190224
Exception_handling>>task>>task>>SUCCESS>>1730100393662
BIP9332I<<SharedLibrary 'Exception_handling' has been changed successfully. <<1730100393662
BIP9332I<<Application 'Business_Flow_Services' has been reloaded successfully. <<1730100393662
BIP9326I<<The source 'Exception_handlingproject.generated.bar' has been successfully deployed. <<1730100393662
Exception_handling>>task>>task>>SUCCESS>>1730104636414
BIP9332I<<SharedLibrary 'Exception_handling' has been changed successfully. <<1730104636414
BIP9332I<<Application 'Business_Flow_Services' has been reloaded successfully. <<1730104636414
BIP9326I<<The source 'Exception_handlingproject.generated.bar' has been successfully deployed. <<1730104636414
Business_Flow_Services>>task>>task>>SUCCESS>>1730104750469
BIP9332I<<Application 'Business_Flow_Services' has been changed successfully. <<1730104750469
BIP9326I<<The source 'Business_Flow_Servicesproject.generated.bar' has been successfully deployed. <<1730104750469
Business_Flow_Services>>task>>task>>SUCCESS>>1730105416308
BIP9332I<<Application 'Business_Flow_Services' has been changed successfully. <<1730105416308
BIP9326I<<The source 'Business_Flow_Servicesproject.generated.bar' has been successfully deployed. <<1730105416308
Rowter_Flow>>task>>task>>SUCCESS>>1730105466981
BIP9332I<<Application 'Rowter_Flow' has been created successfully. <<1730105466981
BIP9326I<<The source 'Rowter_Flowproject.generated.bar' has been successfully deployed. <<1730105466981
Exception_handling>>task>>task>>SUCCESS>>1730105484419
BIP9332I<<SharedLibrary 'Exception_handling' has been changed successfully. <<1730105484419
BIP9332I<<Application 'Business_Flow_Services' has been reloaded successfully. <<1730105484419
BIP9326I<<The source 'Exception_handlingproject.generated.bar' has been successfully deployed. <<1730105484419
Business_Flow_Services>>task>>task>>SUCCESS>>1730105488500
BIP9332I<<Application 'Business_Flow_Services' has been changed successfully. <<1730105488500
BIP9326I<<The source 'Business_Flow_Servicesproject.generated.bar' has been successfully deployed. <<1730105488500
Rowter_Flow>>task>>task>>SUCCESS>>1730105497552
BIP9332I<<Application 'Rowter_Flow' has been changed successfully. <<1730105497552
BIP9326I<<The source 'Rowter_Flowproject.generated.bar' has been successfully deployed. <<1730105497552
Rowter_Flow>>task>>task>>SUCCESS>>1730107699250
BIP9332I<<Application 'Rowter_Flow' has been changed successfully. <<1730107699250
BIP9326I<<The source 'Rowter_Flowproject.generated.bar' has been successfully deployed. <<1730107699250
Rowter_Flow>>task>>task>>SUCCESS>>1730109133545
BIP9332I<<Application 'Rowter_Flow' has been changed successfully. <<1730109133545
BIP9326I<<The source 'Rowter_Flowproject.generated.bar' has been successfully deployed. <<1730109133545
Rowter_Flow>>task>>task>>SUCCESS>>1730176903774
BIP9332I<<Application 'Rowter_Flow' has been changed successfully. <<1730176903774
BIP9326I<<The source 'Rowter_Flowproject.generated.bar' has been successfully deployed. <<1730176903774
Exception_handling>>task>>task>>SUCCESS>>1730176913932
BIP9332I<<SharedLibrary 'Exception_handling' has been changed successfully. <<1730176913932
BIP9332I<<Application 'Business_Flow_Services' has been reloaded successfully. <<1730176913932
BIP9326I<<The source 'Exception_handlingproject.generated.bar' has been successfully deployed. <<1730176913932
Rowter_Flow>>task>>task>>SUCCESS>>1730177061368
BIP9332I<<Application 'Rowter_Flow' has been changed successfully. <<1730177061368
BIP9326I<<The source 'Rowter_Flowproject.generated.bar' has been successfully deployed. <<1730177061368
Rowter_Flow>>task>>task>>SUCCESS>>1730177313517
BIP9332I<<Application 'Rowter_Flow' has been changed successfully. <<1730177313517
BIP9326I<<The source 'Rowter_Flowproject.generated.bar' has been successfully deployed. <<1730177313517
Rowter_Flow>>task>>task>>SUCCESS>>1730177597879
BIP9332I<<Application 'Rowter_Flow' has been changed successfully. <<1730177597879
BIP9326I<<The source 'Rowter_Flowproject.generated.bar' has been successfully deployed. <<1730177597879
Rowter_Flow>>task>>task>>SUCCESS>>1730177858878
BIP9332I<<Application 'Rowter_Flow' has been changed successfully. <<1730177858878
BIP9326I<<The source 'Rowter_Flowproject.generated.bar' has been successfully deployed. <<1730177858878
Rowter_Flow>>task>>task>>SUCCESS>>1730178011313
BIP9332I<<Application 'Rowter_Flow' has been changed successfully. <<1730178011313
BIP9326I<<The source 'Rowter_Flowproject.generated.bar' has been successfully deployed. <<1730178011313
Rowter_Flow>>task>>task>>SUCCESS>>1730178650160
BIP9332I<<Application 'Rowter_Flow' has been changed successfully. <<1730178650160
BIP9326I<<The source 'Rowter_Flowproject.generated.bar' has been successfully deployed. <<1730178650160
Security_data>>task>>task>>SUCCESS>>1730183502733
BIP9332I<<SharedLibrary 'Security_data' has been created successfully. <<1730183502733
BIP9326I<<The source 'Security_dataproject.generated.bar' has been successfully deployed. <<1730183502733
Rowter_Flow>>task>>task>>SUCCESS>>1730184123988
BIP9332I<<Application 'Rowter_Flow' has been changed successfully. <<1730184123988
BIP9326I<<The source 'Rowter_Flowproject.generated.bar' has been successfully deployed. <<1730184123988
Rowter_Flow>>task>>task>>SUCCESS>>1730184214748
BIP9332I<<Application 'Rowter_Flow' has been changed successfully. <<1730184214748
BIP9326I<<The source 'Rowter_Flowproject.generated.bar' has been successfully deployed. <<1730184214748
Rowter_Flow>>task>>task>>SUCCESS>>1730191939960
BIP9332I<<Application 'Rowter_Flow' has been changed successfully. <<1730191939960
BIP9326I<<The source 'Rowter_Flowproject.generated.bar' has been successfully deployed. <<1730191939960
Security_data>>task>>task>>WARNING>>1730193530849
BIP9318E<<Request to 'PreSetupValidate' resource 'Rowter_Flow', 'Rowter_Flow' of type 'Application' failed. <<1730193530849
BIP3202E<<(Security_data.sm, 1.1) : An error occurred when trying to resolve the Java class or method 'encryption.Encryption.sum' which is referred to by the routine 'sm'. <<1730193530849
BIP2946E<<The Java method 'encryption.Encryption.sum' could not be found <<1730193530849
BIP9332I<<SharedLibrary 'Security_data' has been changed successfully. <<1730193530849
BIP9333W<<Application 'Rowter_Flow' has been reloaded but contains errors which has prevented some resources from starting. <<1730193530849
BIP1096E<<The source 'Security_dataproject.generated.bar' has been deployed but there were one or more failures which may mean the deployed resources will be unable to execute. <<1730193530849
Security_data>>task>>task>>SUCCESS>>1730193624100
BIP9332I<<SharedLibrary 'Security_data' has been changed successfully. <<1730193624100
BIP9332I<<Application 'Rowter_Flow' has been reloaded successfully. <<1730193624100
BIP9326I<<The source 'Security_dataproject.generated.bar' has been successfully deployed. <<1730193624100
Security_data>>task>>task>>WARNING>>1730193708050
BIP9318E<<Request to 'PreSetupValidate' resource 'Rowter_Flow', 'Rowter_Flow' of type 'Application' failed. <<1730193708050
BIP3202E<<(Security_data.sm, 1.1) : An error occurred when trying to resolve the Java class or method 'encryption.Encryption.sum' which is referred to by the routine 'sm'. <<1730193708050
BIP2946E<<The Java method 'encryption.Encryption.sum' could not be found <<1730193708050
BIP9332I<<SharedLibrary 'Security_data' has been changed successfully. <<1730193708050
BIP9333W<<Application 'Rowter_Flow' has been reloaded but contains errors which has prevented some resources from starting. <<1730193708050
BIP1096E<<The source 'Security_dataproject.generated.bar' has been deployed but there were one or more failures which may mean the deployed resources will be unable to execute. <<1730193708050
Security_data>>task>>task>>SUCCESS>>1730193750567
BIP9332I<<SharedLibrary 'Security_data' has been changed successfully. <<1730193750567
BIP9332I<<Application 'Rowter_Flow' has been reloaded successfully. <<1730193750567
BIP9326I<<The source 'Security_dataproject.generated.bar' has been successfully deployed. <<1730193750567
Security_data>>task>>task>>WARNING>>1730193809918
BIP9318E<<Request to 'PreSetupValidate' resource 'Rowter_Flow', 'Rowter_Flow' of type 'Application' failed. <<1730193809918
BIP3202E<<(Security_data.sm, 1.1) : An error occurred when trying to resolve the Java class or method 'encryption.Encryption.sum' which is referred to by the routine 'sm'. <<1730193809918
BIP2928E<<The Java method 'encryption.Encryption.sum' was found but its return type does not match the ESQL return type <<1730193809918
BIP9332I<<SharedLibrary 'Security_data' has been changed successfully. <<1730193809918
BIP9333W<<Application 'Rowter_Flow' has been reloaded but contains errors which has prevented some resources from starting. <<1730193809918
BIP1096E<<The source 'Security_dataproject.generated.bar' has been deployed but there were one or more failures which may mean the deployed resources will be unable to execute. <<1730193809918
Security_data>>task>>task>>WARNING>>1730193851820
BIP9318E<<Request to 'PreSetupValidate' resource 'Rowter_Flow', 'Rowter_Flow' of type 'Application' failed. <<1730193851820
BIP3202E<<(Security_data.sm, 1.1) : An error occurred when trying to resolve the Java class or method 'encryption.Encryption.sum' which is referred to by the routine 'sm'. <<1730193851820
BIP2928E<<The Java method 'encryption.Encryption.sum' was found but its return type does not match the ESQL return type <<1730193851820
BIP9332I<<SharedLibrary 'Security_data' has been changed successfully. <<1730193851820
BIP9333W<<Application 'Rowter_Flow' has been reloaded but contains errors which has prevented some resources from starting. <<1730193851820
BIP1096E<<The source 'Security_dataproject.generated.bar' has been deployed but there were one or more failures which may mean the deployed resources will be unable to execute. <<1730193851820
Security_data>>task>>task>>SUCCESS>>1730193893111
BIP9332I<<SharedLibrary 'Security_data' has been changed successfully. <<1730193893111
BIP9332I<<Application 'Rowter_Flow' has been reloaded successfully. <<1730193893111
BIP9326I<<The source 'Security_dataproject.generated.bar' has been successfully deployed. <<1730193893111
Security_data>>task>>task>>WARNING>>1730194545174
BIP9318E<<Request to 'PreSetupValidate' resource 'Rowter_Flow', 'Rowter_Flow' of type 'Application' failed. <<1730194545174
BIP3202E<<(Security_data.sm, 1.1) : An error occurred when trying to resolve the Java class or method 'encryption.Encryption.sum' which is referred to by the routine 'sm'. <<1730194545174
BIP2946E<<The Java method 'encryption.Encryption.sum' could not be found <<1730194545174
BIP9332I<<SharedLibrary 'Security_data' has been changed successfully. <<1730194545174
BIP9333W<<Application 'Rowter_Flow' has been reloaded but contains errors which has prevented some resources from starting. <<1730194545174
BIP1096E<<The source 'Security_dataproject.generated.bar' has been deployed but there were one or more failures which may mean the deployed resources will be unable to execute. <<1730194545174
app_task>>task>>task>>SUCCESS>>1730286406011
BIP9332I<<Application 'app_task' has been created successfully. <<1730286406011
BIP9326I<<The source 'app_taskproject.generated.bar' has been successfully deployed. <<1730286406011
app_task>>task>>task>>SUCCESS>>1730286663334
BIP9332I<<Application 'app_task' has been changed successfully. <<1730286663334
BIP9326I<<The source 'app_taskproject.generated.bar' has been successfully deployed. <<1730286663334
app_task>>task>>task>>SUCCESS>>1730286723068
BIP9332I<<Application 'app_task' has been changed successfully. <<1730286723068
BIP9326I<<The source 'app_taskproject.generated.bar' has been successfully deployed. <<1730286723068
app_task>>task>>task>>SUCCESS>>1730286815122
BIP9332I<<Application 'app_task' has been changed successfully. <<1730286815122
BIP9326I<<The source 'app_taskproject.generated.bar' has been successfully deployed. <<1730286815122
app_task>>task>>task>>SUCCESS>>1730286903167
BIP9332I<<Application 'app_task' has been changed successfully. <<1730286903167
BIP9326I<<The source 'app_taskproject.generated.bar' has been successfully deployed. <<1730286903167
app_task>>task>>task>>SUCCESS>>1730287041574
BIP9332I<<Application 'app_task' has been changed successfully. <<1730287041574
BIP9326I<<The source 'app_taskproject.generated.bar' has been successfully deployed. <<1730287041574
app_task>>task>>task>>SUCCESS>>1730287108118
BIP9332I<<Application 'app_task' has been changed successfully. <<1730287108118
BIP9326I<<The source 'app_taskproject.generated.bar' has been successfully deployed. <<1730287108118
app_task>>task>>task>>SUCCESS>>1730287256416
BIP9332I<<Application 'app_task' has been changed successfully. <<1730287256416
BIP9326I<<The source 'app_taskproject.generated.bar' has been successfully deployed. <<1730287256416
app_task>>task>>task>>SUCCESS>>1730287330742
BIP9332I<<Application 'app_task' has been changed successfully. <<1730287330742
BIP9326I<<The source 'app_taskproject.generated.bar' has been successfully deployed. <<1730287330742
app_task>>task>>task>>SUCCESS>>1730287517937
BIP9332I<<Application 'app_task' has been changed successfully. <<1730287517937
BIP9326I<<The source 'app_taskproject.generated.bar' has been successfully deployed. <<1730287517937
Business_Flow_Services>>task>>task>>WARNING>>1730287622208
BIP9318E<<Request to 'PreSetupValidate' resource 'Business_Flow_Services', 'Business_Flow_Services' of type 'Application' failed. <<1730287622208
BIP3202E<<(Security_data.sm, 1.1) : An error occurred when trying to resolve the Java class or method 'encryption.Encryption.sum' which is referred to by the routine 'sm'. <<1730287622208
BIP2946E<<The Java method 'encryption.Encryption.sum' could not be found <<1730287622208
BIP9333W<<Application 'Business_Flow_Services' has been changed but contains errors which has prevented some resources from starting. <<1730287622208
BIP1096E<<The source 'Business_Flow_Servicesproject.generated.bar' has been deployed but there were one or more failures which may mean the deployed resources will be unable to execute. <<1730287622208
Business_Flow_Services>>task>>task>>WARNING>>1730287635724
BIP9318E<<Request to 'PreSetupValidate' resource 'Business_Flow_Services', 'Business_Flow_Services' of type 'Application' failed. <<1730287635724
BIP3202E<<(Security_data.sm, 1.1) : An error occurred when trying to resolve the Java class or method 'encryption.Encryption.sum' which is referred to by the routine 'sm'. <<1730287635724
BIP2946E<<The Java method 'encryption.Encryption.sum' could not be found <<1730287635724
BIP9333W<<Application 'Business_Flow_Services' has been changed but contains errors which has prevented some resources from starting. <<1730287635724
BIP1096E<<The source 'Business_Flow_Servicesproject.generated.bar' has been deployed but there were one or more failures which may mean the deployed resources will be unable to execute. <<1730287635724
Business_Flow_Services>>task>>task>>WARNING>>1730287676349
BIP9318E<<Request to 'PreSetupValidate' resource 'Business_Flow_Services', 'Business_Flow_Services' of type 'Application' failed. <<1730287676349
BIP3202E<<(Security_data.sm, 1.1) : An error occurred when trying to resolve the Java class or method 'encryption.Encryption.sum' which is referred to by the routine 'sm'. <<1730287676349
BIP2946E<<The Java method 'encryption.Encryption.sum' could not be found <<1730287676349
BIP9333W<<Application 'Business_Flow_Services' has been changed but contains errors which has prevented some resources from starting. <<1730287676349
BIP1096E<<The source 'Business_Flow_Servicesproject.generated.bar' has been deployed but there were one or more failures which may mean the deployed resources will be unable to execute. <<1730287676349
Rowter_Flow>>task>>task>>WARNING>>1730287708924
BIP9318E<<Request to 'PreSetupValidate' resource 'Rowter_Flow', 'Rowter_Flow' of type 'Application' failed. <<1730287708924
BIP3202E<<(Security_data.sm, 1.1) : An error occurred when trying to resolve the Java class or method 'encryption.Encryption.sum' which is referred to by the routine 'sm'. <<1730287708924
BIP2946E<<The Java method 'encryption.Encryption.sum' could not be found <<1730287708924
BIP9333W<<Application 'Rowter_Flow' has been changed but contains errors which has prevented some resources from starting. <<1730287708924
BIP1096E<<The source 'Rowter_Flowproject.generated.bar' has been deployed but there were one or more failures which may mean the deployed resources will be unable to execute. <<1730287708924
Security_data>>task>>task>>SUCCESS>>1730287801765
BIP9332I<<SharedLibrary 'Security_data' has been changed successfully. <<1730287801765
BIP9332I<<Application 'Business_Flow_Services' has been reloaded successfully. <<1730287801765
BIP9332I<<Application 'Rowter_Flow' has been reloaded successfully. <<1730287801765
BIP9326I<<The source 'Security_dataproject.generated.bar' has been successfully deployed. <<1730287801765
Rowter_Flow>>task>>task>>SUCCESS>>1730287807584
BIP9332I<<Application 'Rowter_Flow' has been changed successfully. <<1730287807584
BIP9326I<<The source 'Rowter_Flowproject.generated.bar' has been successfully deployed. <<1730287807584
Business_Flow_Services>>task>>task>>SUCCESS>>1730287816115
BIP9332I<<Application 'Business_Flow_Services' has been changed successfully. <<1730287816115
BIP9326I<<The source 'Business_Flow_Servicesproject.generated.bar' has been successfully deployed. <<1730287816115
