Sep 6, 2024 9:34:07 PM INFO: Clean up...
Sep 6, 2024 9:34:07 PM INFO: Clean up...
Sep 6, 2024 9:34:07 PM INFO: Removing temporary repository C:\Users\SREENI~1\AppData\Local\Temp\patternTemp
Sep 6, 2024 9:34:07 PM INFO: Removing temporary repository C:\Users\SREENI~1\AppData\Local\Temp\patternTemp
Sep 6, 2024 9:34:07 PM INFO: Deleting temporary repository location C:\Users\SREENI~1\AppData\Local\Temp\patternTemp
Sep 6, 2024 9:34:07 PM INFO: Deleting temporary repository location C:\Users\SREENI~1\AppData\Local\Temp\patternTemp
Sep 6, 2024 9:34:07 PM INFO: Download and extract...
Sep 6, 2024 9:34:07 PM INFO: Download and extract...
Sep 6, 2024 9:34:07 PM INFO: Downloading and extracting the remote pattern archive https://github.com/ot4i/record-distribution-mq-oneway-pattern/releases/download/v3/FileToMQPattern.v3000.patternzip
Sep 6, 2024 9:34:07 PM INFO: Downloading and extracting the remote pattern archive https://github.com/ot4i/record-distribution-mq-oneway-pattern/releases/download/v3/FileToMQPattern.v3000.patternzip
Sep 6, 2024 9:34:09 PM INFO: Set up repository...
Sep 6, 2024 9:34:09 PM INFO: Set up repository...
Sep 6, 2024 9:34:09 PM INFO: Adding temporary repository file:/C:/Users/SREENI~1/AppData/Local/Temp/patternTemp
Sep 6, 2024 9:34:09 PM INFO: Adding temporary repository file:/C:/Users/SREENI~1/AppData/Local/Temp/patternTemp
Sep 6, 2024 9:34:09 PM INFO: Install pattern...
Sep 6, 2024 9:34:09 PM INFO: Install pattern...
Sep 6, 2024 9:34:09 PM INFO: Loading temporary repository file:/C:/Users/SREENI~1/AppData/Local/Temp/patternTemp
Sep 6, 2024 9:34:09 PM INFO: Loading temporary repository file:/C:/Users/SREENI~1/AppData/Local/Temp/patternTemp
Sep 6, 2024 9:34:09 PM INFO: Resolving dependencies...
Sep 6, 2024 9:34:09 PM INFO: Resolving dependencies...
Sep 6, 2024 9:34:14 PM SEVERE: Cannot complete the install because one or more required items could not be found.

Sep 6, 2024 9:34:17 PM INFO: Clean up...
Sep 6, 2024 9:34:17 PM INFO: Clean up...
Sep 6, 2024 9:34:17 PM INFO: Removing temporary repository C:\Users\SREENI~1\AppData\Local\Temp\patternTemp
Sep 6, 2024 9:34:17 PM INFO: Removing temporary repository C:\Users\SREENI~1\AppData\Local\Temp\patternTemp
Sep 6, 2024 9:34:17 PM INFO: Deleting temporary repository location C:\Users\SREENI~1\AppData\Local\Temp\patternTemp
Sep 6, 2024 9:34:17 PM INFO: Deleting temporary repository location C:\Users\SREENI~1\AppData\Local\Temp\patternTemp
Sep 6, 2024 9:34:17 PM INFO: Download and extract...
Sep 6, 2024 9:34:17 PM INFO: Download and extract...
Sep 6, 2024 9:34:17 PM INFO: Downloading and extracting the remote pattern archive https://github.com/ot4i/file-http-pattern/releases/download/1.0.0.0/FileToHTTPPattern.v1000.patternzip
Sep 6, 2024 9:34:17 PM INFO: Downloading and extracting the remote pattern archive https://github.com/ot4i/file-http-pattern/releases/download/1.0.0.0/FileToHTTPPattern.v1000.patternzip
Sep 6, 2024 9:34:19 PM INFO: Set up repository...
Sep 6, 2024 9:34:19 PM INFO: Set up repository...
Sep 6, 2024 9:34:19 PM INFO: Adding temporary repository file:/C:/Users/SREENI~1/AppData/Local/Temp/patternTemp/
Sep 6, 2024 9:34:19 PM INFO: Adding temporary repository file:/C:/Users/SREENI~1/AppData/Local/Temp/patternTemp/
Sep 6, 2024 9:34:19 PM INFO: Install pattern...
Sep 6, 2024 9:34:19 PM INFO: Install pattern...
Sep 6, 2024 9:34:19 PM INFO: Loading temporary repository file:/C:/Users/SREENI~1/AppData/Local/Temp/patternTemp/
Sep 6, 2024 9:34:19 PM INFO: Loading temporary repository file:/C:/Users/SREENI~1/AppData/Local/Temp/patternTemp/
Sep 6, 2024 9:34:19 PM INFO: Resolving dependencies...
Sep 6, 2024 9:34:19 PM INFO: Resolving dependencies...
Sep 6, 2024 9:34:19 PM INFO: Wait while the pattern is being installed. It may take a few minutes...
Sep 6, 2024 9:34:19 PM INFO: Wait while the pattern is being installed. It may take a few minutes...
Sep 6, 2024 9:34:51 PM INFO: Clean up...
Sep 6, 2024 9:34:51 PM INFO: Clean up...
Sep 6, 2024 9:34:51 PM INFO: Removing temporary repository C:\Users\SREENI~1\AppData\Local\Temp\patternTemp
Sep 6, 2024 9:34:51 PM INFO: Removing temporary repository C:\Users\SREENI~1\AppData\Local\Temp\patternTemp
Sep 6, 2024 9:34:51 PM INFO: Deleting temporary repository location C:\Users\SREENI~1\AppData\Local\Temp\patternTemp
Sep 6, 2024 9:34:51 PM INFO: Deleting temporary repository location C:\Users\SREENI~1\AppData\Local\Temp\patternTemp
Sep 6, 2024 9:34:51 PM INFO: Download and extract...
Sep 6, 2024 9:34:51 PM INFO: Download and extract...
Sep 6, 2024 9:34:51 PM INFO: Downloading and extracting the remote pattern archive https://github.com/ot4i/record-distribution-mq-oneway-pattern/releases/download/v3/FileToMQPattern.v3000.patternzip
Sep 6, 2024 9:34:51 PM INFO: Downloading and extracting the remote pattern archive https://github.com/ot4i/record-distribution-mq-oneway-pattern/releases/download/v3/FileToMQPattern.v3000.patternzip
Sep 6, 2024 9:34:52 PM INFO: Set up repository...
Sep 6, 2024 9:34:52 PM INFO: Set up repository...
Sep 6, 2024 9:34:52 PM INFO: Adding temporary repository file:/C:/Users/SREENI~1/AppData/Local/Temp/patternTemp/
Sep 6, 2024 9:34:52 PM INFO: Adding temporary repository file:/C:/Users/SREENI~1/AppData/Local/Temp/patternTemp/
Sep 6, 2024 9:34:52 PM INFO: Install pattern...
Sep 6, 2024 9:34:52 PM INFO: Install pattern...
Sep 6, 2024 9:34:52 PM INFO: Loading temporary repository file:/C:/Users/SREENI~1/AppData/Local/Temp/patternTemp/
Sep 6, 2024 9:34:52 PM INFO: Loading temporary repository file:/C:/Users/SREENI~1/AppData/Local/Temp/patternTemp/
Sep 6, 2024 9:34:52 PM INFO: Resolving dependencies...
Sep 6, 2024 9:34:52 PM INFO: Resolving dependencies...
Sep 6, 2024 9:34:54 PM SEVERE: Cannot complete the install because one or more required items could not be found.

Sep 6, 2024 9:35:00 PM INFO: Clean up...
Sep 6, 2024 9:35:00 PM INFO: Clean up...
Sep 6, 2024 9:35:00 PM INFO: Removing temporary repository C:\Users\SREENI~1\AppData\Local\Temp\patternTemp
Sep 6, 2024 9:35:00 PM INFO: Removing temporary repository C:\Users\SREENI~1\AppData\Local\Temp\patternTemp
Sep 6, 2024 9:35:00 PM INFO: Deleting temporary repository location C:\Users\SREENI~1\AppData\Local\Temp\patternTemp
Sep 6, 2024 9:35:00 PM INFO: Deleting temporary repository location C:\Users\SREENI~1\AppData\Local\Temp\patternTemp
Sep 6, 2024 9:35:00 PM INFO: Download and extract...
Sep 6, 2024 9:35:00 PM INFO: Download and extract...
Sep 6, 2024 9:35:00 PM INFO: Downloading and extracting the remote pattern archive https://github.com/ot4i/message-splitter-mq-oneway-xml-pattern/releases/download/v2/MessageBasedIntegration.V2000.patternzip
Sep 6, 2024 9:35:00 PM INFO: Downloading and extracting the remote pattern archive https://github.com/ot4i/message-splitter-mq-oneway-xml-pattern/releases/download/v2/MessageBasedIntegration.V2000.patternzip
Sep 6, 2024 9:35:02 PM INFO: Set up repository...
Sep 6, 2024 9:35:02 PM INFO: Set up repository...
Sep 6, 2024 9:35:02 PM INFO: Adding temporary repository file:/C:/Users/SREENI~1/AppData/Local/Temp/patternTemp/
Sep 6, 2024 9:35:02 PM INFO: Adding temporary repository file:/C:/Users/SREENI~1/AppData/Local/Temp/patternTemp/
Sep 6, 2024 9:35:02 PM INFO: Install pattern...
Sep 6, 2024 9:35:02 PM INFO: Install pattern...
Sep 6, 2024 9:35:02 PM INFO: Loading temporary repository file:/C:/Users/SREENI~1/AppData/Local/Temp/patternTemp/
Sep 6, 2024 9:35:02 PM INFO: Loading temporary repository file:/C:/Users/SREENI~1/AppData/Local/Temp/patternTemp/
Sep 6, 2024 9:35:02 PM INFO: Resolving dependencies...
Sep 6, 2024 9:35:02 PM INFO: Resolving dependencies...
Sep 6, 2024 9:35:03 PM INFO: Wait while the pattern is being installed. It may take a few minutes...
Sep 6, 2024 9:35:03 PM INFO: Wait while the pattern is being installed. It may take a few minutes...
