provider>>ws_provider>>provider>>SUCCESS>>1731709261566
BIP9332I<<Application 'provider' has been created successfully. <<1731709261566
BIP9326I<<The source 'providerproject.generated.bar' has been successfully deployed. <<1731709261566
consumer>>ws_consumer>>consumer>>SUCCESS>>1731709268190
BIP9332I<<Application 'consumer' has been created successfully. <<1731709268190
BIP9326I<<The source 'consumerproject.generated.bar' has been successfully deployed. <<1731709268190
provider>>ws_provider>>provider>>SUCCESS>>1731709295873
BIP9332I<<Application 'provider' has been changed successfully. <<1731709295873
BIP9326I<<The source 'providerproject.generated.bar' has been successfully deployed. <<1731709295873
provider>>ws_provider>>provider>>SUCCESS>>1731716727959
BIP9332I<<Application 'provider' has been changed successfully. <<1731716727959
BIP9326I<<The source 'providerproject.generated.bar' has been successfully deployed. <<1731716727959
consumer>>ws_consumer>>consumer>>SUCCESS>>1731716740443
BIP9332I<<Application 'consumer' has been changed successfully. <<1731716740443
BIP9326I<<The source 'consumerproject.generated.bar' has been successfully deployed. <<1731716740443
consumer>>ws_consumer>>consumer>>SUCCESS>>1731950191507
BIP9332I<<Application 'consumer' has been created successfully. <<1731950191507
BIP9326I<<The source 'consumerproject.generated.bar' has been successfully deployed. <<1731950191507
p_provider>>ws_provider>>provider>>SUCCESS>>1731950306725
BIP9332I<<PolicyProject 'p_provider' has been created successfully. <<1731950306725
BIP9326I<<The source 'p_providerproject.generated.bar' has been successfully deployed. <<1731950306725
p_consumer>>ws_consumer>>consumer>>SUCCESS>>1731950312685
BIP9332I<<PolicyProject 'p_consumer' has been created successfully. <<1731950312685
BIP9326I<<The source 'p_consumerproject.generated.bar' has been successfully deployed. <<1731950312685
consumer_bar.bar>>ws_consumer>>consumer>>SUCCESS>>1731950318305
BIP9332I<<Application 'consumer' has been created successfully. <<1731950318305
BIP9326I<<The source 'consumer_bar.bar' has been successfully deployed. <<1731950318305
Provider_bar.bar>>ws_provider>>provider>>SUCCESS>>1731950324616
BIP9332I<<Application 'provider' has been created successfully. <<1731950324616
BIP9326I<<The source 'Provider_bar.bar' has been successfully deployed. <<1731950324616
Provider_bar.bar>>ws_provider>>provider>>SUCCESS>>1731951998330
BIP9332I<<Application 'provider' has been changed successfully. <<1731951998330
BIP9326I<<The source 'Provider_bar.bar' has been successfully deployed. <<1731951998330
consumer_bar.bar>>ws_consumer>>consumer>>SUCCESS>>1731952011662
BIP9332I<<Application 'consumer' has been changed successfully. <<1731952011662
BIP9326I<<The source 'consumer_bar.bar' has been successfully deployed. <<1731952011662
consumer_bar.bar>>ws_consumer>>consumer>>SUCCESS>>1731952101333
BIP9332I<<Application 'consumer' has been changed successfully. <<1731952101333
BIP9326I<<The source 'consumer_bar.bar' has been successfully deployed. <<1731952101333
p_consumer>>ws_consumer>>consumer>>ERROR>>1731952222758
BIP9328E<<The policy project 'p_consumer' cannot be redeployed at this time as the non-dynamic policy 'B1.wssecbindings.xml' differs from what is currently deployed. To allow redeploying of this policy project use the 'restart-all-applications' option. <<1731952222758
BIP9325E<<The source 'p_consumerproject.generated.bar' could not be deployed as it contains errors. No changes have been made to the integration server. <<1731952222758
p_consumer>>ws_consumer>>consumer>>SUCCESS>>1731952226238
BIP2379I<<Stopping all deployed resources as requested by the deploy operation. <<1731952226238
BIP2376I<<Restarting all deployed resources as requested by the deploy operation. <<1731952226238
BIP9332I<<PolicyProject 'p_consumer' has been reloaded successfully. <<1731952226238
BIP9332I<<Application 'consumer' has been reloaded successfully. <<1731952226238
BIP9326I<<The source 'p_consumerproject.generated.bar' has been successfully deployed. <<1731952226238
p_provider>>ws_provider>>provider>>ERROR>>1731952236357
BIP9328E<<The policy project 'p_provider' cannot be redeployed at this time as the non-dynamic policy 'B2.wssecbindings.xml' differs from what is currently deployed. To allow redeploying of this policy project use the 'restart-all-applications' option. <<1731952236357
BIP9325E<<The source 'p_providerproject.generated.bar' could not be deployed as it contains errors. No changes have been made to the integration server. <<1731952236357
p_provider>>ws_provider>>provider>>SUCCESS>>1731952238961
BIP2379I<<Stopping all deployed resources as requested by the deploy operation. <<1731952238961
BIP2376I<<Restarting all deployed resources as requested by the deploy operation. <<1731952238961
BIP9332I<<PolicyProject 'p_provider' has been reloaded successfully. <<1731952238961
BIP9332I<<Application 'provider' has been reloaded successfully. <<1731952238961
BIP9326I<<The source 'p_providerproject.generated.bar' has been successfully deployed. <<1731952238961
p_consumer>>ws_consumer>>consumer>>SUCCESS>>1731952297376
BIP9339W<<The values defined in the policy(s) 'B1.wssecbindings.xml, P1.wssecpolicy.xml' in policy project 'p_consumer' match the values of the existing policy(s). Any deployed resources using the policy(s) will not be affected by the redeploy of the policy project. <<1731952297376
BIP9326I<<The source 'p_consumerproject.generated.bar' has been successfully deployed. <<1731952297376
consumer>>ws_consumer>>consumer>>SUCCESS>>1731952336834
BIP9332I<<Application 'consumer' has been created successfully. <<1731952336834
BIP9326I<<The source 'consumerproject.generated.bar' has been successfully deployed. <<1731952336834
p_consumer>>ws_consumer>>consumer>>SUCCESS>>1731952560516
BIP9332I<<PolicyProject 'p_consumer' has been created successfully. <<1731952560516
BIP9326I<<The source 'p_consumerproject.generated.bar' has been successfully deployed. <<1731952560516
consumer_bar.bar>>ws_consumer>>consumer>>SUCCESS>>1731952566360
BIP9332I<<Application 'consumer' has been changed successfully. <<1731952566360
BIP9326I<<The source 'consumer_bar.bar' has been successfully deployed. <<1731952566360
p_consumer>>ws_consumer>>consumer>>ERROR>>1731952648572
BIP9328E<<The policy project 'p_consumer' cannot be redeployed at this time as the non-dynamic policy 'B1.wssecbindings.xml' differs from what is currently deployed. To allow redeploying of this policy project use the 'restart-all-applications' option. <<1731952648572
BIP9325E<<The source 'p_consumerproject.generated.bar' could not be deployed as it contains errors. No changes have been made to the integration server. <<1731952648572
p_consumer>>ws_consumer>>consumer>>SUCCESS>>1731952650872
BIP2379I<<Stopping all deployed resources as requested by the deploy operation. <<1731952650872
BIP2376I<<Restarting all deployed resources as requested by the deploy operation. <<1731952650872
BIP9332I<<PolicyProject 'p_consumer' has been reloaded successfully. <<1731952650872
BIP9332I<<Application 'consumer' has been reloaded successfully. <<1731952650872
BIP9326I<<The source 'p_consumerproject.generated.bar' has been successfully deployed. <<1731952650872
p_consumer>>ws_consumer>>consumer>>ERROR>>1731952748903
BIP9328E<<The policy project 'p_consumer' cannot be redeployed at this time as the non-dynamic policy 'B1.wssecbindings.xml' differs from what is currently deployed. To allow redeploying of this policy project use the 'restart-all-applications' option. <<1731952748903
BIP9325E<<The source 'p_consumerproject.generated.bar' could not be deployed as it contains errors. No changes have been made to the integration server. <<1731952748903
p_consumer>>ws_consumer>>consumer>>SUCCESS>>1731952751102
BIP2379I<<Stopping all deployed resources as requested by the deploy operation. <<1731952751102
BIP2376I<<Restarting all deployed resources as requested by the deploy operation. <<1731952751102
BIP9332I<<PolicyProject 'p_consumer' has been reloaded successfully. <<1731952751102
BIP9332I<<Application 'consumer' has been reloaded successfully. <<1731952751102
BIP9326I<<The source 'p_consumerproject.generated.bar' has been successfully deployed. <<1731952751102
p_consumer>>ws_consumer>>consumer>>ERROR>>1731952801618
BIP9328E<<The policy project 'p_consumer' cannot be redeployed at this time as the non-dynamic policy 'B1.wssecbindings.xml' differs from what is currently deployed. To allow redeploying of this policy project use the 'restart-all-applications' option. <<1731952801618
BIP9325E<<The source 'p_consumerproject.generated.bar' could not be deployed as it contains errors. No changes have been made to the integration server. <<1731952801618
p_consumer>>ws_consumer>>consumer>>SUCCESS>>1731952803903
BIP2379I<<Stopping all deployed resources as requested by the deploy operation. <<1731952803903
BIP2376I<<Restarting all deployed resources as requested by the deploy operation. <<1731952803903
BIP9332I<<PolicyProject 'p_consumer' has been reloaded successfully. <<1731952803903
BIP9332I<<Application 'consumer' has been reloaded successfully. <<1731952803903
BIP9326I<<The source 'p_consumerproject.generated.bar' has been successfully deployed. <<1731952803903
p_consumer>>ws_consumer>>consumer>>ERROR>>1731952888337
BIP9328E<<The policy project 'p_consumer' cannot be redeployed at this time as the non-dynamic policy 'B1.wssecbindings.xml' differs from what is currently deployed. To allow redeploying of this policy project use the 'restart-all-applications' option. <<1731952888337
BIP9325E<<The source 'p_consumerproject.generated.bar' could not be deployed as it contains errors. No changes have been made to the integration server. <<1731952888337
p_consumer>>ws_consumer>>consumer>>SUCCESS>>1731952890752
BIP2379I<<Stopping all deployed resources as requested by the deploy operation. <<1731952890752
BIP2376I<<Restarting all deployed resources as requested by the deploy operation. <<1731952890752
BIP9332I<<PolicyProject 'p_consumer' has been reloaded successfully. <<1731952890752
BIP9332I<<Application 'consumer' has been reloaded successfully. <<1731952890752
BIP9326I<<The source 'p_consumerproject.generated.bar' has been successfully deployed. <<1731952890752
p_consumer>>ws_consumer>>consumer>>ERROR>>1731954146233
BIP9328E<<The policy project 'p_consumer' cannot be redeployed at this time as the non-dynamic policy 'B1.wssecbindings.xml' differs from what is currently deployed. To allow redeploying of this policy project use the 'restart-all-applications' option. <<1731954146233
BIP9325E<<The source 'p_consumerproject.generated.bar' could not be deployed as it contains errors. No changes have been made to the integration server. <<1731954146233
p_consumer>>ws_consumer>>consumer>>SUCCESS>>1731954148673
BIP2379I<<Stopping all deployed resources as requested by the deploy operation. <<1731954148673
BIP2376I<<Restarting all deployed resources as requested by the deploy operation. <<1731954148673
BIP9332I<<PolicyProject 'p_consumer' has been reloaded successfully. <<1731954148673
BIP9332I<<Application 'consumer' has been reloaded successfully. <<1731954148673
BIP9326I<<The source 'p_consumerproject.generated.bar' has been successfully deployed. <<1731954148673
p_consumer>>ws_consumer>>consumer>>ERROR>>1731954206640
BIP9328E<<The policy project 'p_consumer' cannot be redeployed at this time as the non-dynamic policy 'B1.wssecbindings.xml' differs from what is currently deployed. To allow redeploying of this policy project use the 'restart-all-applications' option. <<1731954206640
BIP9325E<<The source 'p_consumerproject.generated.bar' could not be deployed as it contains errors. No changes have been made to the integration server. <<1731954206640
p_consumer>>ws_consumer>>consumer>>SUCCESS>>1731954208929
BIP2379I<<Stopping all deployed resources as requested by the deploy operation. <<1731954208929
BIP2376I<<Restarting all deployed resources as requested by the deploy operation. <<1731954208929
BIP9332I<<PolicyProject 'p_consumer' has been reloaded successfully. <<1731954208929
BIP9332I<<Application 'consumer' has been reloaded successfully. <<1731954208929
BIP9326I<<The source 'p_consumerproject.generated.bar' has been successfully deployed. <<1731954208929
p_consumer>>ws_consumer>>consumer>>ERROR>>1731958849506
BIP9328E<<The policy project 'p_consumer' cannot be redeployed at this time as the non-dynamic policy 'B1.wssecbindings.xml' differs from what is currently deployed. To allow redeploying of this policy project use the 'restart-all-applications' option. <<1731958849506
BIP9325E<<The source 'p_consumerproject.generated.bar' could not be deployed as it contains errors. No changes have been made to the integration server. <<1731958849506
p_consumer>>ws_consumer>>consumer>>SUCCESS>>1731958851954
BIP2379I<<Stopping all deployed resources as requested by the deploy operation. <<1731958851954
BIP2376I<<Restarting all deployed resources as requested by the deploy operation. <<1731958851954
BIP9332I<<PolicyProject 'p_consumer' has been reloaded successfully. <<1731958851954
BIP9332I<<Application 'consumer' has been reloaded successfully. <<1731958851954
BIP9326I<<The source 'p_consumerproject.generated.bar' has been successfully deployed. <<1731958851954
consumer_bar.bar>>ws_consumer>>consumer>>SUCCESS>>1731958977585
BIP9332I<<Application 'consumer' has been changed successfully. <<1731958977585
BIP9326I<<The source 'consumer_bar.bar' has been successfully deployed. <<1731958977585
consumer_bar.bar>>ws_consumer>>consumer>>WARNING>>1731959542551
BIP3663E<<The integration node registry runtime property 'brokerKeystorePass in mqsisetdbparms' required by the policy set or policy set binding '{p_consumer}:B1' is not defined. <<1731959542551
BIP9320E<<Message Flow 'con1', 'con1' encountered a failure and could not start. <<1731959542551
BIP3726E<<Failed to setup SOAP transport for node SOAP Request. <<1731959542551
BIP3728E<<Configuration of WS-Security layer using policy set '{p_consumer}:P1' and policy set binding '{p_consumer}:B1' failed. <<1731959542551
BIP3663E<<The integration node registry runtime property 'brokerKeystorePass in mqsisetdbparms' required by the policy set or policy set binding '{p_consumer}:B1' is not defined. <<1731959542551
BIP9333W<<Application 'consumer' has been changed but contains errors which has prevented some resources from starting. <<1731959542551
BIP1096E<<The source 'consumer_bar.bar' has been deployed but there were one or more failures which may mean the deployed resources will be unable to execute. <<1731959542551
consumer_bar.bar>>ws_consumer>>consumer>>SUCCESS>>1731959628639
BIP9332I<<Application 'consumer' has been changed successfully. <<1731959628639
BIP9326I<<The source 'consumer_bar.bar' has been successfully deployed. <<1731959628639
consumer_bar.bar>>ws_consumer>>consumer>>SUCCESS>>1731963130595
BIP9332I<<Application 'consumer' has been changed successfully. <<1731963130595
BIP9326I<<The source 'consumer_bar.bar' has been successfully deployed. <<1731963130595
p_consumer>>ws_consumer>>consumer>>ERROR>>1731963294005
BIP9328E<<The policy project 'p_consumer' cannot be redeployed at this time as the non-dynamic policy 'B1.wssecbindings.xml' differs from what is currently deployed. To allow redeploying of this policy project use the 'restart-all-applications' option. <<1731963294005
BIP9325E<<The source 'p_consumerproject.generated.bar' could not be deployed as it contains errors. No changes have been made to the integration server. <<1731963294005
p_consumer>>ws_consumer>>consumer>>SUCCESS>>1731963296387
BIP2379I<<Stopping all deployed resources as requested by the deploy operation. <<1731963296387
BIP2376I<<Restarting all deployed resources as requested by the deploy operation. <<1731963296387
BIP9332I<<PolicyProject 'p_consumer' has been reloaded successfully. <<1731963296387
BIP9332I<<Application 'consumer' has been reloaded successfully. <<1731963296387
BIP9326I<<The source 'p_consumerproject.generated.bar' has been successfully deployed. <<1731963296387
consumer_bar.bar>>ws_consumer>>consumer>>SUCCESS>>1731963304988
BIP9332I<<Application 'consumer' has been changed successfully. <<1731963304988
BIP9326I<<The source 'consumer_bar.bar' has been successfully deployed. <<1731963304988
p_consumer>>ws_consumer>>consumer>>SUCCESS>>1731963490952
BIP9339W<<The values defined in the policy(s) 'B1.wssecbindings.xml, P1.wssecpolicy.xml' in policy project 'p_consumer' match the values of the existing policy(s). Any deployed resources using the policy(s) will not be affected by the redeploy of the policy project. <<1731963490952
BIP9326I<<The source 'p_consumerproject.generated.bar' has been successfully deployed. <<1731963490952
p_consumer>>ws_consumer>>consumer>>SUCCESS>>1731963696845
BIP9339W<<The values defined in the policy(s) 'B1.wssecbindings.xml, P1.wssecpolicy.xml' in policy project 'p_consumer' match the values of the existing policy(s). Any deployed resources using the policy(s) will not be affected by the redeploy of the policy project. <<1731963696845
BIP9326I<<The source 'p_consumerproject.generated.bar' has been successfully deployed. <<1731963696845
consumer_bar.bar>>ws_consumer>>consumer>>SUCCESS>>1731963763800
BIP9332I<<Application 'consumer' has been changed successfully. <<1731963763800
BIP9326I<<The source 'consumer_bar.bar' has been successfully deployed. <<1731963763800
