LogicalFormat2
==============

Identification (1000)
--------------

100001 : Message Set Identifier
100002 : Message Set Name
100003 : Message Set Level
100004 : Model Version (Major)
100005 : Model Version (Minor)
100006 : Timestamp
100007 : Dictionary Type
100008 : Format Level
100009 : Compatibility Level
100010 : Dependency Table
100022 : Message Set Alias

  100001        100002     100003 100004 100005 100006 100007 100008 100009 100010        100022 
0 NEAS0N0002001 MsgSet_mrm 1      2      0             1      610    3      NEAS0N0002001        

MessageSet (1)
----------

105 : Default Wire Format Identifier
106 : Message Type Prefix
107 : Use Namespaces

  105 106 107 
0         0   

Tag (2)
---

201 : Tag Identifier
202 : Tag Text Identifier
203 : Type Identifier
204 : Class
205 : Min Length
206 : Max Length
207 : Nullable
208 : Value Set Index
209 : Default Value Index
211 : Type Index
212 : Namespace Index
213 : Block
214 : isAttribute
215 : Interpret Value As

  201 202                   203 204 205 206 207 208 209 211 212 213 214 215 
0 50  users                 51  M   0   -1  0   -1  -1  46  0   0   0   0   
1 52  users                 51  S   0   -1  0   -1  -1  46  0   0   0   0   
2 57  57^xsi_schemaLocation 5   F   0   -1  0   -1  0   4   0   -1  1   0   
3 59  59^xmlns_xs           5   F   0   -1  0   -1  5   4   0   -1  1   0   
4 62  62^user               63  S   0   -1  0   -1  -1  49  0   0   0   0   
5 65  65^user_id            5   F   0   -1  0   -1  -1  4   0   0   0   0   
6 67  67^name               5   F   0   -1  0   -1  -1  4   0   0   0   0   
7 69  69^email              5   F   0   -1  0   -1  -1  4   0   0   0   0   

Type Member (4)
-----------

401 : Parent Type Identifier
402 : Child Tag Identifier
403 : Child Type Identifier
404 : Child Class
405 : Child Physical Name
406 : Sequence Number
407 : Min Occurs
409 : Child Repeat Indicator
410 : Member Identifier
411 : Max Occurs
412 : Child Tag Index
413 : Child Type Index

  401 402 403 404 405 406 407 409 410 411 412 413 
0 51  0   53  S       1   1   0   55  1   -1  47  
1 51  0   54  S       2   1   0   56  1   -1  48  
2 53  57  5   F       1   0   0   58  1   2   4   
3 53  59  5   F       2   0   0   60  1   3   4   
4 54  62  63  S       1   1   0   61  1   4   49  
5 63  65  5   F       1   1   0   64  1   5   4   
6 63  67  5   F       2   1   0   66  1   6   4   
7 63  69  5   F       3   1   0   68  1   7   4   

Member Id to Type Member index (20)
------------------------------

Row count: 8

2001 : Member Identifier
2002 : Type Member Index

  2001 2002 
0 55   0    
1 56   1    
2 58   2    
3 60   3    
4 61   4    
5 64   5    
6 66   6    
7 68   7    

Type (21)
----

Row count: 50

2101 : Type Identifier
2102 : Type Text Identifier
2103 : Type Composition
2104 : Type Content
2105 : Base Type Identifier
2106 : Logical Type
2107 : Type Member Index
2108 : Namespace Index
2109 : Parent Type Index
2110 : Block
2111 : Abstract
2112 : Derivation Style
2113 : Value Set Index
2114 : Item Type Index
2115 : Type Class

   2101 2102               2103 2104 2105 2106 2107 2108 2109 2110 2111 2112 2113 2114 2115 
0  1    anyType            6    3    0    0    -1   1    -1   3    0    1    -1   -1   4    
1  2    date               0    0    0    15   -1   1    2    0    0    4    0    -1   1    
2  3    anySimpleType      0    0    0    2    -1   1    -1   0    0    4    -1   -1   1    
3  4    dateTime           0    0    0    15   -1   1    2    0    0    4    -1   -1   1    
4  5    string             0    0    0    2    -1   1    2    0    0    4    -1   -1   1    
5  6    language           0    0    0    2    -1   1    6    0    0    4    2    -1   1    
6  7    token              0    0    0    2    -1   1    11   0    0    4    -1   -1   1    
7  8    nonNegativeInteger 0    0    0    16   -1   1    8    0    0    4    4    -1   1    
8  9    integer            0    0    0    16   -1   1    9    0    0    4    7    -1   1    
9  10   decimal            0    0    0    16   -1   1    2    0    0    4    -1   -1   1    
10 11   float              0    0    0    6    -1   1    2    0    0    4    -1   -1   1    
11 12   normalizedString   0    0    0    2    -1   1    4    0    0    4    -1   -1   1    
12 13   long               0    0    0    4    -1   1    8    0    0    4    9    -1   1    
13 14   Name               0    0    0    2    -1   1    6    0    0    4    13   -1   1    
14 15   NCName             0    0    0    2    -1   1    13   0    0    4    15   -1   1    
15 16   duration           0    0    0    14   -1   1    2    0    0    4    -1   -1   1    
16 17   gYear              0    0    0    15   -1   1    2    0    0    4    18   -1   1    
17 18   ENTITY             0    0    0    2    -1   1    14   0    0    4    20   -1   1    
18 19   hexBinary          0    0    0    10   -1   1    2    0    0    4    -1   -1   1    
19 20   negativeInteger    0    0    0    16   -1   1    20   0    0    4    23   -1   1    
20 21   nonPositiveInteger 0    0    0    16   -1   1    8    0    0    4    62   -1   1    
21 22   unsignedByte       0    0    0    4    -1   1    22   0    0    4    26   -1   1    
22 23   unsignedShort      0    0    0    4    -1   1    29   0    0    4    46   -1   1    
23 24   gDay               0    0    0    15   -1   1    2    0    0    4    30   -1   1    
24 25   ENTITIES           0    0    0    0    -1   1    -1   0    0    5    32   17   1    
25 27   ID                 0    0    0    2    -1   1    14   0    0    4    34   -1   1    
26 28   unsignedLong       0    0    0    16   -1   1    7    0    0    4    37   -1   1    
27 29   IDREF              0    0    0    2    -1   1    14   0    0    4    41   -1   1    
28 30   gMonthDay          0    0    0    15   -1   1    2    0    0    4    44   -1   1    
29 31   unsignedInt        0    0    0    4    -1   1    26   0    0    4    72   -1   1    
30 32   byte               0    0    0    4    -1   1    31   0    0    4    50   -1   1    
31 33   short              0    0    0    4    -1   1    37   0    0    4    76   -1   1    
32 34   double             0    0    0    6    -1   1    2    0    0    4    -1   -1   1    
33 35   QName              0    0    0    2    -1   1    2    0    0    4    -1   -1   1    
34 36   anyURI             0    0    0    2    -1   1    2    0    0    4    -1   -1   1    
35 37   gMonth             0    0    0    15   -1   1    2    0    0    4    54   -1   1    
36 38   IDREFS             0    0    0    0    -1   1    -1   0    0    5    56   27   1    
37 40   int                0    0    0    4    -1   1    12   0    0    4    58   -1   1    
38 41   boolean            0    0    0    12   -1   1    2    0    0    4    -1   -1   1    
39 42   base64Binary       0    0    0    10   -1   1    2    0    0    4    -1   -1   1    
40 43   NMTOKEN            0    0    0    2    -1   1    6    0    0    4    65   -1   1    
41 44   NMTOKENS           0    0    0    0    -1   1    -1   0    0    5    67   40   1    
42 46   positiveInteger    0    0    0    16   -1   1    7    0    0    4    69   -1   1    
43 47   NOTATION           0    0    0    2    -1   1    2    0    0    4    -1   -1   1    
44 48   time               0    0    0    15   -1   1    2    0    0    4    80   -1   1    
45 49   gYearMonth         0    0    0    15   -1   1    2    0    0    4    82   -1   1    
46 51                      6    1    0    0    0    0    0    0    0    1    -1   -1   2    
47 53                      4    1    0    0    2    -1   -1   0    0    -1   -1   -1   3    
48 54                      6    1    0    0    4    -1   -1   0    0    -1   -1   -1   4    
49 63                      6    1    0    0    5    0    0    0    0    1    -1   -1   4    

Value Set Table (24)
---------------

2000 : Row Count
2401 : Value Index
2402 : Role

   2000 2401 2402 
0  84   19   9    
1       -1   0    
2       2    10   
3       -1   0    
4       10   8    
5       27   1    
6       -1   0    
7       10   8    
8       -1   0    
9       10   8    
10      25   2    
11      6    1    
12      -1   0    
13      4    10   
14      -1   0    
15      1    10   
16      4    10   
17      -1   0    
18      17   9    
19      -1   0    
20      1    10   
21      4    10   
22      -1   0    
23      10   8    
24      26   2    
25      -1   0    
26      10   8    
27      20   2    
28      10   1    
29      -1   0    
30      13   9    
31      -1   0    
32      11   3    
33      -1   0    
34      1    10   
35      4    10   
36      -1   0    
37      10   8    
38      29   2    
39      27   1    
40      -1   0    
41      1    10   
42      4    10   
43      -1   0    
44      15   9    
45      -1   0    
46      10   8    
47      22   2    
48      10   1    
49      -1   0    
50      10   8    
51      16   2    
52      9    1    
53      -1   0    
54      14   9    
55      -1   0    
56      11   3    
57      -1   0    
58      10   8    
59      23   2    
60      7    1    
61      -1   0    
62      10   8    
63      27   2    
64      -1   0    
65      3    10   
66      -1   0    
67      11   3    
68      -1   0    
69      10   8    
70      28   1    
71      -1   0    
72      10   8    
73      24   2    
74      10   1    
75      -1   0    
76      10   8    
77      21   2    
78      8    1    
79      -1   0    
80      12   9    
81      -1   0    
82      18   9    
83      -1   0    

Values (25)
------

2000 : Row Count
2501 : String Value
2502 : Integer Value
2507 : Decimal Value

   2000 2501                              2502                 2507                 
0  30   XML_schema.mxsd                   -9223372036854775808 -1                   
1       [\i-[:]][\c-[:]]*                 -2147483648          0                    
2       [a-zA-Z]{1,8}(-[a-zA-Z0-9]{1,8})* -32768               1                    
3       \c+                               -128                 18446744073709551615 
4       \i\c*                             0                                         
5       http://www.w3.org/2001/XMLSchema  1                                         
6                                         31                                        
7                                         32                                        
8                                         64                                        
9                                         96                                        
10                                        127                                       
11                                        128                                       
12                                        192                                       
13                                        224                                       
14                                        255                                       
15                                        32767                                     
16                                        65535                                     
17                                        2147483647                                
18                                        4294967295                                
19                                        9223372036854775807                       

Namespace (26)
---------

2000 : Row Count
2601 : Namespace URI

  2000 2601                             
0 2                                     
1      http://www.w3.org/2001/XMLSchema 

Message (27)
-------

Row count: 1

2701 : Tag Identifier
2702 : Message Alias

  2701 2702 
0 50        

